0,0.33405487615180046,0.33580523129940837
1,0.31099770185057946,0.3129516662225572
2,0.289771844084628,0.2917900601600323
3,0.2701399724303479,0.27219317844206936
4,0.2519623074629814,0.2539278645434081
5,0.23540711101773856,0.2374155682166927
6,0.22007825381027155,0.22210516057058122
7,0.20595153559795618,0.20793053624186525
8,0.1929053819813951,0.19483511682027255
9,0.18111448055640975,0.18301735614544357
10,0.17017308171410225,0.17202431583096142
11,0.15985869916535256,0.16163127815087372
12,0.1507623031594503,0.15255092451458924
13,0.14213300037972745,0.1438492697338251
14,0.13421245375805463,0.13585320327087444
15,0.126936878308354,0.1286152434238162
16,0.12037274954983371,0.1220568838417241
17,0.11436150489333521,0.11613643633025625
18,0.10881689746106014,0.11062342459928944
19,0.10377733365145893,0.10550504545386262
20,0.09926606455656278,0.1009267579115843
21,0.09497918943386036,0.09675620395560033
22,0.09117074727302697,0.09291008154682304
23,0.08776362063727074,0.08951819586669268
24,0.08448429812506573,0.08635449755363536
25,0.08153897351294488,0.08336335002546942
26,0.07888267154667307,0.08074793481393554
27,0.0764772137381906,0.07846437304503141
28,0.07432645318813369,0.07629860110205484
29,0.07228190694185492,0.07428548062192354
30,0.07037210449060133,0.07241679847929117
31,0.06874981995866836,0.07084902764218287
32,0.06697659648162908,0.06910908099584104
33,0.0655787415489174,0.06779674864599233
34,0.06407492368965935,0.06633096156673934
35,0.06259053416292586,0.06507170749047665
36,0.06128297593273976,0.06380868959217807
37,0.06032529674781108,0.06278789326246574
38,0.05915860051465111,0.06181156969476637
39,0.05819758558963351,0.06094361339226048
40,0.05740195827160854,0.06022485648317758
41,0.05644720022288685,0.05934704173340866
42,0.05575785915166753,0.0586973248100686
43,0.05513351985499466,0.05812033582603471
44,0.05430580157851016,0.05740626719325158
45,0.05359939452752854,0.05677373453232957
46,0.05298934551065491,0.05617851408231415
47,0.05239792573372223,0.0556931635921155
48,0.05176441337336787,0.05515396725023384
49,0.05128513854293829,0.05474483126092262
50,0.05076763691631762,0.0543095215610278
51,0.05040627139217933,0.05395963014236514
52,0.04991126086055644,0.0535188345567514
53,0.04941551164428882,0.05311624850240108
54,0.04899436989245565,0.05273386982507898
55,0.04846129264411019,0.05234003123487468
56,0.04801005640607484,0.05200581604004471
57,0.04751744937719511,0.05156159172915659
58,0.04692403189195599,0.05096059014964811
59,0.04655448896721427,0.05071830674556313
60,0.04619072211356597,0.05036906090681519
61,0.04571152549353984,0.04992304307287863
62,0.04540649873215569,0.04968620477512514
63,0.04508464232489572,0.04941282477728643
64,0.04476307311298879,0.04921866219062006
65,0.04404329469457911,0.04873823729047257
66,0.04357295854462157,0.04837344971199554
67,0.04288218648682866,0.04797637242244059
68,0.04267036320454015,0.04779093785917219
69,0.04214537560760299,0.04744642506210922
70,0.04156780480953871,0.04704345702792578
71,0.04138141535803593,0.04691388555630135
72,0.04085499596183834,0.04661018760825023
73,0.04044958851441405,0.04629788145470473
74,0.03994035716526626,0.04595207858634001
75,0.03971115743237923,0.04584039906360985
76,0.03928907569184232,0.04552944352611345
77,0.03886726239576355,0.04530047870066212
78,0.03843137738363497,0.04502215780477972
79,0.03813412213962807,0.04482510488575134
80,0.03760296826488733,0.0445363942563712
81,0.03740444772365015,0.04440890953903586
82,0.03706110338075451,0.04410003503454791
83,0.03670396247347727,0.04388565610719687
84,0.03636755174425818,0.0436570411258217
85,0.03589991435481774,0.04337454503024297
86,0.03561960795773198,0.04316287554271581
87,0.03533496630819632,0.04289631405416001
88,0.03504590422787662,0.04271179865443866
89,0.03488374860016847,0.04263041735642802
90,0.03451972378601447,0.04242069535428149
91,0.0343132576559642,0.04228314268280203
92,0.0341399544481697,0.04218768700879538
93,0.03384345174903063,0.04203441752106651
94,0.03359652284345279,0.04182439917607562
95,0.0333394691475796,0.04160998847501439
96,0.03312741391588035,0.04146574656772758
97,0.03270308199823795,0.04123086075299035
98,0.0324598251006973,0.04112841539085002
99,0.03222963383946732,0.04088143474766198
100,0.03201207541135536,0.0406474264754891
101,0.03159885122049787,0.04027649336394432
102,0.0311846815385983,0.04000345965841832
103,0.03095525212149376,0.03987315459290185
104,0.03069214237501576,0.03971651851208351
105,0.03034278144069888,0.03940032957339343
106,0.03010694453093248,0.03930091473134906
107,0.02996510362622266,0.03924484685367329
108,0.02978801034904711,0.03906622321027253
109,0.02963975875852108,0.03892016292238126
110,0.02930633661091521,0.03864113758470595
111,0.02913928807698598,0.03850662845918448
112,0.0289136338093935,0.03829596990681527
113,0.02875167378151399,0.03812477897146679
114,0.02846083570296188,0.03792361739455724
115,0.0281105176290289,0.03766567528440572
116,0.02794736067982473,0.03755295223569564
117,0.02777901839334872,0.03740676171735485
118,0.02760438736300688,0.03730650346940327
119,0.02732285582454964,0.0370718989811567
120,0.0270219050172889,0.03683539060369136
121,0.02684776089493378,0.03669817120531601
122,0.02664457259651292,0.03656384559561165
123,0.02637821830860812,0.03633390011043391
124,0.02610657370838351,0.03612382244289696
125,0.02594969778913972,0.03601832918490729
126,0.02573693035555985,0.03586156017583766
127,0.0255575170203975,0.03573705660820841
128,0.02532729461280116,0.03560867379294681
129,0.0251551581953201,0.03548934841920497
130,0.02499114188327873,0.03535839853108157
131,0.02491866553338806,0.03532749805975752
132,0.02475823489485433,0.03522916906208725
133,0.02461511163559547,0.03516189397401318
134,0.02453665171007269,0.03508914696034205
135,0.02438287902582065,0.03502095837142493
136,0.02423045700301319,0.03491631039440104
137,0.02411750349534889,0.03482059379359798
138,0.02388244474658239,0.03466238858305049
139,0.02373418654003532,0.03452823250081082
140,0.02353464514286198,0.03440283041109787
141,0.02333748639531667,0.03428500372899584
142,0.02313877644298739,0.03417444616147734
143,0.02295420072858096,0.03404994453894847
144,0.02278587739942964,0.03394902800815081
145,0.02264405660797957,0.03381985471614898
146,0.02252682666803997,0.03372705791685719
147,0.02234512091892568,0.03355143294520618
148,0.0222119940090552,0.03344526430675145
149,0.02207446579153782,0.03338110323816119
150,0.02189346612120835,0.03327626202110985
151,0.02174403754813553,0.03307431052673151
152,0.02167470069771652,0.03301704424914152
153,0.0215089350740655,0.03285717388201047
154,0.02140420452406222,0.0327808927349542
155,0.02130561903902911,0.03274250784992029
156,0.02116398841524994,0.03262320336851994
157,0.02105911217352129,0.03252943307269536
158,0.0209250062505455,0.03242774804428531
159,0.02075351590481896,0.03225008627581814
160,0.02065772336714712,0.0321842973793111
161,0.0205714981032505,0.03211225178115026
162,0.02048133483757045,0.03203308865175294
163,0.0203648462239425,0.03190410267609878
164,0.02024345961902645,0.03181566410669737
165,0.02008604474471229,0.03165185080142924
166,0.01996023457718075,0.03159760940767298
167,0.01989360450122915,0.03152308369476482
168,0.01980099752643354,0.03143039880073908
169,0.01968048596988858,0.03133158889249228
170,0.01959835698974837,0.03127307563812233
171,0.01948304960391318,0.03119187082206932
172,0.01940818052030665,0.03115123283979154
173,0.01929623625962916,0.03106289295202081
174,0.01915194643661357,0.03095865046822165
175,0.01910106872956755,0.03092566957116349
176,0.01905081229964899,0.03088579152636713
177,0.01891857808187358,0.03080603051438138
178,0.01884689177004199,0.03075832551512638
179,0.01872884993878283,0.03067220468185076
180,0.01863043298036079,0.03059992950546653
181,0.01853205013127015,0.03054053144006884
182,0.01842097883636892,0.0304653824413987
183,0.01828651487713039,0.03034182674575486
184,0.01818010203524293,0.03024975350351138
185,0.01805168440603666,0.03014648665639735
186,0.01795409312872744,0.03006955687650934
187,0.0178789069296424,0.03002010560313089
188,0.01777603232409243,0.02997850604280914
189,0.01768653790066286,0.02993228883044259
190,0.01763162387238548,0.02989562056168379
191,0.01754394160845551,0.02984881482516752
192,0.01749662097297601,0.0298057252911313
193,0.0173921218276768,0.02973788038016185
194,0.01732032542920376,0.02968729619711433
195,0.01727323636476953,0.02963430467965107
196,0.01719315070415422,0.02957101824589131
197,0.01711001645940678,0.02951954857041164
198,0.01706874907554882,0.02948034905208661
199,0.01698289199720304,0.02940824607842674
200,0.0169528480392538,0.02938214823297878
201,0.01690941697115427,0.02933503376581328
202,0.01688644019245445,0.02931735797019497
203,0.0168397082091099,0.02927649931881826
204,0.01676982234499423,0.02922828936519298
205,0.01668137071975833,0.02918949273558347
206,0.01659140767566047,0.0291403641634807
207,0.01653647597574553,0.02910508506564503
208,0.01651468597311539,0.02909082728871597
209,0.01645658446847366,0.02906124573631448
210,0.01637642851650257,0.02901055626414004
211,0.01630934822062098,0.02894174729092505
212,0.01621592409753126,0.02888562208390463
213,0.01616122948320858,0.02885609331983995
214,0.01609335036744871,0.02880051205938155
215,0.01600863274699283,0.0287362190632036
216,0.01594490579029279,0.02870629997788297
217,0.01591156474328417,0.02868475695916638
218,0.01587561459112796,0.0286473099910461
219,0.01582219426273453,0.02860504918057503
220,0.01576757885543802,0.02857646851055887
221,0.01568528206548415,0.02851488951017969
222,0.01561469681992156,0.02847967148423584
223,0.01557232240434339,0.02845162617892122
224,0.0155060184666706,0.02842050374257201
225,0.01537394500873073,0.02837220255064934
226,0.01533298489129461,0.0283586962405865
227,0.01528674985297723,0.02829810873120179
228,0.01524571548335079,0.02825777474814812
229,0.01514555566270674,0.02820119432257882
230,0.0150981917723704,0.02817017695784406
231,0.01500818440330104,0.02810261307520483
232,0.01494897466264356,0.02806778727329486
233,0.01492119791557932,0.02805745857900253
234,0.01489036860968886,0.02803370387740318
235,0.01486501888585944,0.02803380514185251
236,0.01480487819709063,0.028006653536368
237,0.01472532664684354,0.02794142240673823
238,0.0146686273434274,0.0278942032987559
239,0.01464545229092165,0.02788127126592274
240,0.0145952601043643,0.02786033590652042
241,0.01454697896557979,0.02782625297228757
242,0.01446021151021736,0.02777861980701817
243,0.01442451599850431,0.0277523968977635
244,0.01440232165549293,0.02772838794308698
245,0.01434027170559101,0.02768705898722343
246,0.01425100742954779,0.02763291360710718
247,0.01421404851301579,0.02761290962059573
248,0.01419304753722518,0.0275960909709255
249,0.01415781681159336,0.02757551750314013
250,0.01407139040217485,0.0275248725054319
251,0.01402575800974807,0.02749619361685553
252,0.01399987243850124,0.02748591687826804
253,0.01394936012352096,0.02746324885981986
254,0.01391877124450946,0.0274531688862668
255,0.01388510068959704,0.02742030225010818
256,0.01386551044294608,0.02740993370911822
257,0.01383022329601344,0.02737703949378932
258,0.01380012500841463,0.02735824196128983
259,0.01375690795011123,0.02734441915597301
260,0.01368937267636926,0.02731200290991444
261,0.01366253771105885,0.02729071234855074
262,0.01364028492072951,0.02726967559175513
263,0.01360156202502082,0.02724116158296953
264,0.0135706257561602,0.02721684219047238
265,0.01354614648592474,0.02720032648764665
266,0.01347587322827465,0.0271517664277407
267,0.01345936593910746,0.02714069138492844
268,0.01342772901657537,0.02712168929626539
269,0.01340512850515405,0.02711086947973396
270,0.01337938164820361,0.0271018169816658
271,0.01335673553061179,0.02709243927225021
272,0.0133310452375691,0.02707331948968099
273,0.0132869954292423,0.02703759719482173
274,0.01325489035224409,0.0270151220972184
275,0.01322043721732593,0.02700034393858195
276,0.01320284712481029,0.02698774228903534
277,0.01318581993519977,0.02698146838997469
278,0.01313468906130069,0.02695062440613977
279,0.01307238156622454,0.02692139068681443
280,0.01305503481788076,0.02691664979367173
281,0.01297920374984375,0.02689212495728674
282,0.0129633142135466,0.02689123060289999
283,0.01294578952462155,0.02687978307534538
284,0.01292561022827595,0.02686080361431977
285,0.01287735295604606,0.02683286377972613
286,0.01284068098748738,0.02681150830615529
287,0.01279726904756962,0.02679135504468674
288,0.01276670805051488,0.02677348039020294
289,0.0127536283131236,0.02677049495904638
290,0.01271211075163241,0.02672397982174876
291,0.01268630226088893,0.02671784460642372
292,0.0126260024239491,0.02667696169774484
293,0.0125851421800401,0.02665419517601633
294,0.01255291304819532,0.02662946089115084
295,0.01251238977815288,0.02660546590254418
296,0.01245617060716437,0.0265743313959198
297,0.01243673219538512,0.02656918535961644
298,0.01240930286775957,0.02655585434611889
299,0.01236608659698397,0.02653221680602871
300,0.01233002544823937,0.02650717389548572
301,0.01224549383047149,0.02647658614759284
302,0.01222869533802819,0.02646975664570219
303,0.01217784825240497,0.02644339970431044
304,0.01212969399489531,0.02641723584057582
305,0.01205252630785356,0.02633904734915435
306,0.01203321233504668,0.02632617870569464
307,0.01201353747468955,0.02631792967815395
308,0.01199617408827679,0.0263053427636362
309,0.01196038365686155,0.02627773338831802
310,0.01190272734788488,0.02625474909647421
311,0.01184108087863997,0.02622523887305079
312,0.01179578997055633,0.02619457035579638
313,0.01176966616553305,0.02617357112917421
314,0.01172409850003375,0.02614710406654908
315,0.01169255180182601,0.0261249780844205
316,0.01165460795957901,0.02609511437806074
317,0.01164161453226733,0.02608571227539833
318,0.01158049273113825,0.02606341818252092
319,0.01157325362164676,0.02606491637238047
320,0.01152393548186777,0.02604180732077931
321,0.01148261179128146,0.0260091504897326
322,0.01147383059087565,0.02600803376106602
323,0.01146342332916192,0.02600447296035165
324,0.01140841401534078,0.02596968647971059
325,0.01138494421019098,0.02595069770855107
326,0.01133168096706174,0.02593510919898421
327,0.01131773467173149,0.02592176451954725
328,0.01130201438896723,0.02590677763439489
329,0.01124323665044595,0.02585005492034817
330,0.01118060145544694,0.02580741376361973
331,0.01114721766710068,0.02578851886143983
332,0.01112653137898235,0.02577767130208685
333,0.01108963935741627,0.02575007203808052
334,0.01107675496619879,0.02574018921761477
335,0.01105338807553168,0.02572250273159113
336,0.01101489240840306,0.02569664519252036
337,0.01095915961608162,0.02566354136080531
338,0.01093889992667179,0.02564816706624262
339,0.01092771204121923,0.02564369045391282
340,0.01086362811292722,0.0255893838026951
341,0.01085559845181666,0.02557955234469263
342,0.01084598026036472,0.02557622432492615
343,0.01079581827879379,0.02553670120657765
344,0.01074619880845504,0.02549948794981809
345,0.01069344079898375,0.02547342771261955
346,0.01063219177455329,0.02542350993776291
347,0.01061995226782268,0.02541634637463235
348,0.01060735227646472,0.02541142096205625
349,0.01059677130445326,0.02540459498343394
350,0.01057773378051062,0.02538776134768427
351,0.010546113515028,0.02536247479663798
352,0.01049221277518298,0.02531884180615189
353,0.01044401828241618,0.02528204559542161
354,0.01042465575629675,0.02527729131904634
355,0.0103999585276833,0.02526397443067619
356,0.01033796273173202,0.02523282171962079
357,0.01029380792998338,0.02519473071451126
358,0.01027007730159633,0.02518479533024628
359,0.0102234472468597,0.02516293621172929
360,0.01018132092120282,0.02512872152144037
361,0.01015445379109494,0.02511192408997471
362,0.01012640084748791,0.02509434616308998
363,0.01011736700803132,0.02509213322209965
364,0.01008236680900025,0.02507625412290829
365,0.01007759073739871,0.02507384815521654
366,0.01003888481848732,0.02506670933614554
367,0.01003091552576688,0.02506186918494608
368,0.01000310441961658,0.02504075383609411
369,0.00998204051362341,0.0250314805748866
370,0.00996492504668129,0.0250267104474542
371,0.00995103614405175,0.0250172256072261
372,0.00993214150263794,0.02500733206644232
373,0.00990814972194605,0.0249978551062624
374,0.0098942389744953,0.02499290959641421
375,0.0098622907474464,0.0249667066668962
376,0.00984353321779007,0.02496128911282926
377,0.00982599736217467,0.02495030934201791
378,0.00978635845541934,0.02492897436423419
379,0.00978082420018034,0.02492613808655468
380,0.00976890952603369,0.02491985853374102
381,0.00975922013109334,0.02491836341719881
382,0.00974550390340225,0.02491176236396511
383,0.00971712808219745,0.02489059568709932
384,0.00970015087839649,0.02488123434332163
385,0.00967966940043658,0.02487480754879794
386,0.00967618189801159,0.02487228439904427
387,0.00963948861890757,0.02483235419003562
388,0.00962490341759832,0.02482304982514247
389,0.00958026970841797,0.02480012835611633
390,0.00956862211213147,0.02479623369908207
391,0.00952763150537794,0.02478460116754227
392,0.00950097214369833,0.02477379673741855
393,0.00948285043586868,0.02475955930014015
394,0.0094462699683137,0.02474493062269245
395,0.00943409124775575,0.02473988604738924
396,0.00942405028130723,0.0247345837173881
397,0.00941464060793592,0.02472591839111906
398,0.00939114157677119,0.02471713786994784
399,0.00936732761445336,0.02470553266762893
400,0.00935694923676071,0.02470326306956006
401,0.00932176365345377,0.02468928248033154
402,0.00928289225840645,0.02463969603807267
403,0.00923466694106892,0.02462385700400345
404,0.00920754330825382,0.02460933245724187
405,0.00918211959721661,0.02458767105669896
406,0.0091722386682654,0.02458338620875163
407,0.00915275122222482,0.02457151884219546
408,0.0091377171618833,0.02456403586781906
409,0.00909495632256423,0.02453200975896508
410,0.00907634390612882,0.02452229475427323
411,0.00903940813381426,0.02450795423432585
412,0.009024863640741,0.02450441412739876
413,0.00898676023114377,0.02448998426774196
414,0.00897077169584572,0.02448338276799792
415,0.00895862875968922,0.02447754882998474
416,0.00892285801181305,0.0244581199875463
417,0.00889986214047257,0.02443810042482589
418,0.00888830574523591,0.02443219370415905
419,0.00885401117533542,0.02441649941921549
420,0.008838005736302,0.02440012261703913
421,0.00881921785751825,0.02439133969611751
422,0.00877527562113243,0.0243807960016295
423,0.00876008364568345,0.02436924955197584
424,0.00875008087505891,0.02436248964158629
425,0.00872222028322966,0.02435064605391727
426,0.0087180034655116,0.02435108435398158
427,0.00871528290256459,0.02434758499413219
428,0.00870555819900438,0.02434277052519234
429,0.00869238430225588,0.02433416781831218
430,0.00867821074220957,0.02432786438453471
431,0.00864075530115908,0.02429230731865855
432,0.00861149747474294,0.0242921465384549
433,0.00859861083876895,0.02428569297892232
434,0.00859314714301804,0.02428657642801506
435,0.00858215407740637,0.02428158061210162
436,0.00856502627433824,0.02427374187410826
437,0.00853378653978347,0.02425524872094102
438,0.00851828248785431,0.02424742902611809
439,0.00850049833685224,0.0242357040805754
440,0.00847525147502627,0.02420388279303025
441,0.0084730243673047,0.02420370179832642
442,0.00844701531460565,0.02418993707729638
443,0.00843777586139786,0.0241844646550047
444,0.00840335679394501,0.02417232248399151
445,0.00838815320325225,0.02416330552137492
446,0.00835429443009561,0.02414742943143455
447,0.0083275959602764,0.02411738060647292
448,0.0083043236523025,0.02411560310916049
449,0.00830240092877208,0.02411509945796687
450,0.00828504145311364,0.02411350854684185
451,0.0082486602678797,0.02410159391225314
452,0.00822446712806671,0.02408830627215797
453,0.00821695160451636,0.02408845231925353
454,0.00817902258117145,0.02407006804036241
455,0.00813429206656824,0.02404979076125992
456,0.00810723626856655,0.02405061753186204
457,0.00809993432780771,0.02405153824820681
458,0.00809152185209251,0.02404717642464973
459,0.0080887765783523,0.02404505259656974
460,0.00808181776953875,0.02404071422343797
461,0.00807900455091806,0.02404053633063218
462,0.00807649468323281,0.02403974124584782
463,0.00807029576860607,0.02403635573140915
464,0.00805102719055483,0.02401209657824538
465,0.00804530591066265,0.02401072425061603
466,0.00801306250830345,0.02399083212377303
467,0.00800155308689017,0.02398569578005162
468,0.00799594650591868,0.02398472664804556
469,0.00796962048100493,0.02396974310255264
470,0.00791525808750973,0.02395030895390526
471,0.00788714803962099,0.02394362967678845
472,0.00785835161217277,0.02393209625904371
473,0.00785215682418953,0.02393385736023587
474,0.00784093782219598,0.02393426760203883
475,0.0078246414736656,0.02392301325230452
476,0.00777947654564659,0.02391057925844025
477,0.00774833735924074,0.02389697669834445
478,0.00772425645714092,0.02388323271751744
479,0.00768236732166648,0.02387497695169218
480,0.00766301211198054,0.02387616921942486
481,0.00765419181304384,0.02387267770859578
482,0.00763413282425966,0.02386510342626759
483,0.00761554813958214,0.02385003063735484
484,0.00760871810538321,0.0238446317622674
485,0.00759773062769805,0.02384194487451105
486,0.00758710429449403,0.02383619726590722
487,0.00757757253985494,0.0238316366752751
488,0.00757290088379945,0.02383019964853918
489,0.00756851951048652,0.02382670850811348
490,0.00753933614111652,0.02382022678633103
491,0.00753546059079468,0.02381943308994752
492,0.0075240245720413,0.02381427154482408
493,0.00751455813890677,0.02380724499235085
494,0.00750910475201975,0.02380612832669176
495,0.00749992378411607,0.0238003796724427
496,0.00749567036631424,0.02379782471975694
497,0.00747552102041353,0.02378892333998358
498,0.00745949550845815,0.02377112252080998
499,0.00743580734224028,0.02376337026869548
500,0.00741202609211694,0.02375434609395344
501,0.00739945154422888,0.02374484028236571
502,0.00738111273358026,0.02374655638340294
503,0.00736416733964707,0.02374134450787142
504,0.00734926004007924,0.0237328976793233
505,0.007337020559748,0.02369450110299252
506,0.0073217254785265,0.0236883450566565
507,0.00729802346380379,0.02367978146033253
508,0.00727813416319179,0.02366584769487213
509,0.00726258980810753,0.02364937969723234
510,0.00725239196023587,0.02364549398440998
511,0.00724048545977872,0.02363801507765032
512,0.00722738294460251,0.02360525209096469
513,0.00720846339240617,0.02359231458958022
514,0.00719779296532919,0.02358604679353336
515,0.0071935068571794,0.023558037736952
516,0.00717415511321919,0.02355045965734722
517,0.00716615644155064,0.02354736346272616
518,0.00714281248764442,0.0235340908592867
519,0.00712880261290046,0.02352730005784483
520,0.00709597423667703,0.0235164490838635
521,0.00706582140954306,0.02350543517105937
522,0.00705601684232549,0.02350370445741188
523,0.00703921748038692,0.02350053507307839
524,0.00703501843863631,0.02349894239774413
525,0.00702103955124965,0.02349334976221318
526,0.00701599067887643,0.02348927515900109
527,0.00698520180709624,0.02347243419163118
528,0.00698288951534028,0.02347118487683499
529,0.00697520856330751,0.02347096665933558
530,0.00695880428699751,0.02345492523754872
531,0.00695114621244936,0.02345428518110554
532,0.00693515994470488,0.02345090327235555
533,0.00692967854199197,0.02344637421582971
534,0.00691577896361997,0.02344002402010048
535,0.00690988568691495,0.02343353111659667
536,0.00689287865599303,0.02342409670212488
537,0.00688534963716676,0.02341885069020276
538,0.00687738373502898,0.02341545656952536
539,0.00685521795586242,0.02340161561281532
540,0.00683531453638166,0.02339422381290594
541,0.00682023709773573,0.02338847900679171
542,0.00680915438944999,0.02337329118425433
543,0.00679482937147763,0.02336540588338245
544,0.00678590726154677,0.02336120701159146
545,0.00678317603926624,0.02336022184710273
546,0.00675470527717671,0.02334936510015449
547,0.00673562001512313,0.02334202492106806
548,0.00672331131753952,0.0233371669572752
549,0.00671730032859017,0.02333347462351241
550,0.00671231914464093,0.0233320598141932
551,0.00670514519359053,0.02332703602526884
552,0.00670118514336957,0.02332619186894518
553,0.00668392684661826,0.02331944947109292
554,0.00667579440612434,0.02331623200021894
555,0.00666058076962475,0.02331159089854375
556,0.00665664620653339,0.02330976438740166
557,0.00664875185244219,0.02330709771382903
558,0.00663693116174133,0.02330213198669716
559,0.00661744884718811,0.02329113993806784
560,0.0066054879376777,0.02328292514665843
561,0.00659092141340733,0.02327782381825618
562,0.00657609044212913,0.02326413111897951
563,0.00656950536205203,0.0232614782428698
564,0.00655266844478761,0.02325622605736026
565,0.00654342939380055,0.02323209139951556
566,0.00653432751220033,0.02320475493051671
567,0.00652186267091162,0.02319905709523619
568,0.00651306785929544,0.02319687580196767
569,0.00650700379902712,0.0231939398097814
570,0.00649210722792451,0.02318914976420363
571,0.00648816659166618,0.0231876366068656
572,0.00646704377374297,0.02318495228442137
573,0.00645432350531857,0.02318158155305286
574,0.00643708216801649,0.02317695481410257
575,0.00641933351619962,0.02316942562038233
576,0.00640448302168514,0.02316142263191888
577,0.00638947225752187,0.02315414805734442
578,0.00637757179868056,0.02314705362976507
579,0.0063628498435867,0.02314057970032539
580,0.00634990141835451,0.02313526796656278
581,0.00633095178656871,0.02312798598648641
582,0.00631760976496753,0.02312329422643517
583,0.00630557606361911,0.02311709108215346
584,0.00629926067066822,0.02311410381109509
585,0.0062951794262869,0.02311277178210503
586,0.00628207749985281,0.02310524985090021
587,0.0062690209934802,0.02310107196791891
588,0.00625073092510179,0.02309403338681009
589,0.00623614793063231,0.02309069875970101
590,0.00622324303108767,0.02306526578294586
591,0.00621439458859941,0.02303732449486922
592,0.00619503842140968,0.02303338752296294
593,0.0061893656951528,0.02303007726129222
594,0.00618363970151836,0.02302702050005666
595,0.00616002889884234,0.02301569381235785
596,0.00615441376439419,0.0230123506887367
597,0.0061466882949145,0.02301218790182206
598,0.00612521142363449,0.02300535584642425
599,0.00612013350172032,0.02300434399332207
600,0.00611230934470791,0.02299960130801714
601,0.00608743737962257,0.02298317467667401
602,0.00607291218326896,0.02297355142218141
603,0.00606879199324871,0.02296880706403998
604,0.00605761710444939,0.02296768583092091
605,0.00604441639165564,0.022960809703901
606,0.00601840296875923,0.02294731229080543
607,0.00600840477829518,0.02294685161484071
608,0.00598867109857795,0.02293807770758978
609,0.00596915446634805,0.02293192751626739
610,0.00595667671819766,0.02292582020009584
611,0.0059433871173021,0.02292206294418223
612,0.00594140976052766,0.02292148999825019
613,0.00592823553135388,0.02291744603922076
614,0.00591834264076436,0.02291524264117713
615,0.00590114178870813,0.02290443262415669
616,0.00589346996671568,0.02289940721060467
617,0.00587508349170216,0.02289376898874594
618,0.00586159203612547,0.02288269952911611
619,0.00584474827426214,0.02287643921091972
620,0.00584126916847018,0.02287625068489373
621,0.00582574702080199,0.02286764590903962
622,0.00582008551724663,0.02286552892231454
623,0.00580103190292422,0.02285962905890719
624,0.00578679982281985,0.02285668137860096
625,0.00576480678548247,0.02284397144753127
626,0.00574886818808836,0.02283813989652808
627,0.00573728820356046,0.02283692406310148
628,0.00572307698877912,0.0228298220367892
629,0.00571090501755142,0.02282852200097637
630,0.00569523951579606,0.02282407434857318
631,0.00568219828044763,0.02281767771745175
632,0.00566338561405167,0.02280690692737175
633,0.00564719418075271,0.02279995702885269
634,0.00562911977547405,0.02279408498983258
635,0.00561821416779148,0.02278909429205597
636,0.00560471056068569,0.02278249871785524
637,0.00558722428067757,0.02277362385654477
638,0.0055762188633859,0.02276838951717788
639,0.00557049107233575,0.02276691675761374
640,0.00555717960748424,0.02275561026522974
641,0.00553709433115441,0.0227477615955924
642,0.0055221141798794,0.02274228591569231
643,0.00551700431822462,0.02274098070157019
644,0.00551554431842957,0.02273907606462721
645,0.00551071192428497,0.02273539742288856
646,0.00549889287203654,0.02272964160918272
647,0.00549096204110412,0.02272986475923607
648,0.00547946516342216,0.02272568552011121
649,0.00547530827023726,0.02272599373152882
650,0.00546962889483832,0.02272440436966445
651,0.00546329975572194,0.02272179058035963
652,0.00545696286304468,0.02272053500096538
653,0.00544569264432101,0.02271537757164428
654,0.00543932783344074,0.02270975248041358
655,0.00543408462845014,0.02270759892920004
656,0.00542908906949048,0.02270411400658874
657,0.00542427331633691,0.02270268160278799
658,0.00541798882743702,0.02269812651990167
659,0.00539921887551444,0.0226915429881313
660,0.00538768042041154,0.02268930416681834
661,0.00538373232044854,0.02268968229714387
662,0.00537737605503833,0.02268702155474088
663,0.00537139546381846,0.0226840852165218
664,0.0053681236801854,0.02268392530625434
665,0.00536051203578078,0.02267997566078014
666,0.00535440414645998,0.02267586016403098
667,0.00533838444166058,0.02266843687099605
668,0.00533552102093525,0.0226661708461428
669,0.0053297655222765,0.02266309576880676
670,0.00532272831483717,0.02265936513938762
671,0.00532043316619203,0.0226584173185622
672,0.00531397564774099,0.0226562465628928
673,0.00530365533590446,0.02264950304720928
674,0.00529152179014862,0.02264435461174129
675,0.00527985841289654,0.02263773241542947
676,0.00526743912234134,0.02263257212979512
677,0.00525589285902087,0.0226295315707931
678,0.00524505772001484,0.02262255744121408
679,0.00524118053469673,0.02262104759231993
680,0.0052329554965236,0.02261783890383164
681,0.00522928978234401,0.02261789968001464
682,0.00521132861351418,0.02261281256911908
683,0.00519298174666481,0.02260701155533397
684,0.00517584813457097,0.02260277426290971
685,0.00516726844971552,0.02259966317478117
686,0.00516397898505361,0.02259765620475288
687,0.00515442121044932,0.02259519258546443
688,0.00515040866263995,0.02259467356797203
689,0.00513869025560667,0.02259132275536161
690,0.00512722621835995,0.02258641855672552
691,0.0051221631658648,0.02258360033680315
692,0.00511945716307679,0.0225818807978632
693,0.00510912091235311,0.0225771517914906
694,0.00509863556694737,0.02257566165100111
695,0.00509569360629663,0.0225762424408973
696,0.00508164314110112,0.02257234165536559
697,0.00505725033865838,0.02256503314134238
698,0.00504040265874047,0.02255831177169767
699,0.00503877285818323,0.02255753173400728
700,0.00502775699750198,0.02255387682405671
701,0.00502283804287837,0.02255163120719563
702,0.00500492514260271,0.02254614843093761
703,0.00499085941881774,0.02253665214456402
704,0.00497823604258385,0.02253362578838653
705,0.00496352466249981,0.02252936581361922
706,0.00495392335471553,0.02252840776241984
707,0.00494005710786268,0.02251943336825741
708,0.00492691821186663,0.02251577116657116
709,0.00491074472180668,0.02251023800937752
710,0.00490476553735023,0.02250958030883297
711,0.00489509997678883,0.0225074373145212
712,0.00489173015160495,0.02250784544402098
713,0.00488304903129736,0.02250414916422013
714,0.00486862064969946,0.02250368720015213
715,0.00486238451217445,0.02250338991773656
716,0.00485404211498001,0.02250353924307196
717,0.00485124511068051,0.02250293801723371
718,0.00483977668707119,0.0224994039937391
719,0.00483755196083105,0.02249853473033529
720,0.00483489281535896,0.02249850316045533
721,0.00482286591102508,0.02249989539297749
722,0.00480803495736333,0.02249877864646667
723,0.00479497944614939,0.02249291204388415
724,0.00478729546372478,0.02249160371141627
725,0.00477972224440216,0.02248869552093491
726,0.00476482154058924,0.02248427433233467
727,0.0047616336051347,0.02248320208971648
728,0.00476020876260413,0.02248430809214088
729,0.00475919608794111,0.02248430985627379
730,0.00475332290377628,0.02248022195161469
731,0.00474676028545874,0.0224760180867311
732,0.00474136509159583,0.02247141582920345
733,0.00473663478916533,0.02246982336391416
734,0.00473062371803928,0.02246844251773283
735,0.00472793067910814,0.02246666832677441
736,0.00472112726494967,0.02246350006386702
737,0.00471512682867163,0.02246015610400156
738,0.00470989076973099,0.02245971988178485
739,0.00470454238550657,0.02245706258253884
740,0.0046947478966199,0.02245293710836876
741,0.00468216847027714,0.02244833251067565
742,0.00467072955811387,0.02244683929341331
743,0.00466285465672436,0.02244602525985235
744,0.00465398448427858,0.02244363670369909
745,0.00465087937738911,0.02244323269047047
746,0.00464464547466831,0.0224418840068092
747,0.00463346454143391,0.02243756708468622
748,0.0046252359988017,0.0224311045639765
749,0.00461597816152005,0.02242829560137244
750,0.00460456689579775,0.02242628167342732
751,0.00458398001231423,0.02241748094439638
752,0.00457727856126402,0.0224168692229866
753,0.00457556518045182,0.02241681245702453
754,0.00457025704753894,0.02241672540703627
755,0.00456113986014249,0.02241109975756705
756,0.00455507810712251,0.02240921762830726
757,0.00454729956217997,0.02240233538131782
758,0.00454518491065573,0.02240111664098945
759,0.00453819785706234,0.02239927823928171
760,0.00453064809593408,0.02239643291552762
761,0.00452351396270422,0.02239340041685537
762,0.00452097488294295,0.02239122877560538
763,0.00451262480946931,0.022387236246117
764,0.00450466874551247,0.02238345745051676
765,0.00449653620330551,0.02238101818290365
766,0.00449371286005111,0.02237969579977158
767,0.00448859160531287,0.02237187537507484
768,0.00448668947749317,0.02237046958290765
769,0.00447982846676772,0.0223661372305424
770,0.00447762128912102,0.02236521803914657
771,0.00447162406590341,0.02236744967300813
772,0.00446216562562963,0.02236327253110539
773,0.00445797006818854,0.02236141256158657
774,0.00445487653605941,0.0223599269745589
775,0.00444864923755176,0.02235363806193144
776,0.00444336746293599,0.02235330894538737
777,0.00443854692396786,0.02235337461856456
778,0.00443663001461851,0.02235448033292063
779,0.00443598416036051,0.02235342480085206
780,0.00443441420745209,0.02235444514002119
781,0.00443207952701458,0.02235268991963144
782,0.00442959823901898,0.02235123718880964
783,0.00442706999846519,0.02235181876305049
784,0.00442485966783195,0.02235234732804364
785,0.00441269419354705,0.02234743715568815
786,0.00441048196449046,0.02234650630405022
787,0.00439424427644688,0.02234380151129707
788,0.004391936916377,0.02234425653798886
789,0.00438963649117659,0.02234308456493796
790,0.00438693493961414,0.02234261503786726
791,0.00438436019137107,0.02234095730681863
792,0.00437827865565255,0.02233787731915877
793,0.00437060973829779,0.02233582545162879
794,0.00436146064659482,0.02233290945862049
795,0.00435245123628774,0.02233087601678194
796,0.00435023345561906,0.02233171272842756
797,0.00434064126186939,0.0223307970111068
798,0.00433860367465912,0.02232945296865141
799,0.00432619123512478,0.02232508727483146
800,0.00431396254970688,0.02232167889797817
801,0.00430184254377538,0.02231878922686487
802,0.00429886865571239,0.02231794788471163
803,0.00429635079194771,0.02231898818797885
804,0.00429494292033944,0.02231834848427303
805,0.00429355506609603,0.0223190291444942
806,0.00428573462702683,0.02231633364124642
807,0.00428179960451191,0.02231521486679658
808,0.00427356810843771,0.02231337624026974
809,0.0042668691883473,0.02231097739469982
810,0.00425858571032333,0.02230702994114095
811,0.00425236493452995,0.02230525190573721
812,0.00424971784662491,0.02230401257940115
813,0.00424411236509461,0.02229997303331722
814,0.00423970497281411,0.02229835511675045
815,0.00423548645341181,0.02229822187317556
816,0.00423188449905182,0.02229787921967373
817,0.00422818943468653,0.02229577163579742
818,0.00422491316080601,0.02229497343926587
819,0.0042173249554391,0.02229212069272384
820,0.00421372355818882,0.02229263089168948
821,0.00419860637887425,0.02229068152649478
822,0.00419678703658399,0.02228981180356232
823,0.00418320058998772,0.02228923433550804
824,0.00417448040039244,0.02228703721229022
825,0.00416862400528292,0.02228186389989607
826,0.00416161413472707,0.02227732058762718
827,0.00415789597236309,0.02227651387274768
828,0.00415649119726744,0.0222765190931401
829,0.0041517352076773,0.02227480878508618
830,0.00414757060603043,0.02227265826227676
831,0.00414600180173315,0.02227172442891739
832,0.00414161463121497,0.02226920345926692
833,0.00413046997585768,0.02227241523594553
834,0.00411946994319381,0.02226832102910234
835,0.00411557805066656,0.02226666806940701
836,0.00410765939578586,0.0222621384251426
837,0.00409962869156316,0.02226581636647391
838,0.00409534873012887,0.02226486535620508
839,0.00408885560542115,0.02226329599979358
840,0.00408387806322141,0.02226149113256353
841,0.00407848069284884,0.02225961551656131
842,0.00407502710312874,0.02225790619675476
843,0.00407121615880549,0.02225693652571762
844,0.00406779029486611,0.02225563930312882
845,0.00406420452868433,0.02225731044995177
846,0.00406259145779328,0.02225808732712128
847,0.00405999381872238,0.02225763251490636
848,0.00405569553775266,0.02225869429984501
849,0.0040497456415959,0.02225417361074217
850,0.00404605003675465,0.02225230894991178
851,0.00403936494733116,0.0222515571948389
852,0.00403596098985349,0.02225200308588008
853,0.00402269688433401,0.02224986479448098
854,0.00401977261508641,0.02224893658978651
855,0.00401369862833651,0.02224476979162975
856,0.0040040775763367,0.02224275169717312
857,0.00400109431094615,0.02224294422728095
858,0.00399135417307381,0.02224304250799938
859,0.00398434585422033,0.02223788123296592
860,0.00397641717407187,0.02223521971511426
861,0.00397247803806007,0.0222337615910359
862,0.00396140178992285,0.02222893222159213
863,0.00395535022162574,0.02222733574527725
864,0.00394780734475113,0.02222499200146947
865,0.00394332059848526,0.022225174594183
866,0.00393888249514606,0.02222394198099834
867,0.00393267293954499,0.02222201284361171
868,0.00392231823656726,0.02222013375028154
869,0.00391275631835277,0.02221791219090209
870,0.00390846432659268,0.02221570818442069
871,0.00390710000369485,0.02221579063762669
872,0.00389849666373406,0.02221365180437342
873,0.00388674251711929,0.02220986743188294
874,0.00388267657622623,0.02220812842348653
875,0.00387857944620448,0.02220752962043206
876,0.00387492369333003,0.02220682478940474
877,0.00386869541253236,0.02220844202995199
878,0.00385818163561754,0.02220668526262758
879,0.00385239892019775,0.02220491612925437
880,0.00384276526844949,0.02220030526261362
881,0.00383788498626918,0.02219980441817569
882,0.00383546238338517,0.02219778196475595
883,0.00382944479448881,0.02219855511270009
884,0.00382317134895568,0.02219794698717843
885,0.00381167136250797,0.02219247322162692
886,0.00380501118356966,0.02219128123567523
887,0.00380140950085711,0.02218843035406071
888,0.00379377085464742,0.02218909855054791
889,0.00379091929459328,0.02218988503945251
890,0.00378532062010414,0.02218878502426777
891,0.00378217640542947,0.02218843013247858
892,0.00377642642810089,0.02218611180615762
893,0.00377090349748707,0.02218624437005638
894,0.00376197632352564,0.02218462548668382
895,0.00375835092434446,0.0221834270568148
896,0.00375576941071151,0.02218233103293007
897,0.00375160372265555,0.02217979003810432
898,0.00374798798983661,0.02217793686042277
899,0.00374556054794001,0.0221775152171281
900,0.00374414916994595,0.0221774028705542
901,0.00374130961336118,0.02217551008676608
902,0.00373387227010762,0.02217432453561827
903,0.00372885735863523,0.02217275752851609
904,0.00372288043788259,0.02217120804249888
905,0.00371831654104719,0.02216991734121156
906,0.0037147799424223,0.02216757644589266
907,0.00371361734996299,0.02216746562191795
908,0.00370838544148845,0.02216575693858973
909,0.00370404265802552,0.0221629245202865
910,0.00370152042278444,0.02216210419849009
911,0.00369694821910658,0.02216261174991268
912,0.00368541239148119,0.02216240955288672
913,0.00368503252608946,0.02216223123198863
914,0.00367981308141753,0.02216047814312325
915,0.00367820495960351,0.02216011244513881
916,0.00367550690263902,0.02215999707485482
917,0.00366646945935756,0.02215751187450763
918,0.00366163864781064,0.02215718774866047
919,0.00366008666370511,0.02215639482918005
920,0.00365967769519475,0.02215611685865971
921,0.00365652142532171,0.02215442893795634
922,0.00365012501212539,0.02215123407019465
923,0.00363869117789462,0.02213918225901606
924,0.00363118399347927,0.02213827710611479
925,0.00362595371167509,0.02213651103361649
926,0.0036227397859982,0.02213568608755828
927,0.00361671178966958,0.02213447083571728
928,0.00361213520401928,0.02213455583981012
929,0.00361068766271447,0.0221335802197855
930,0.00360912720792949,0.02213279941960735
931,0.00360707081857066,0.02213234231641364
932,0.00360270880610683,0.02213261120451415
933,0.00359865629513878,0.02213078580959276
934,0.00358754885627579,0.02212699533593754
935,0.00358211597645769,0.02212539639669109
936,0.00357738309794091,0.02212458711700632
937,0.0035754871268385,0.0221243474316898
938,0.00357174275468664,0.02212345168001514
939,0.0035668047982447,0.02212208146977258
940,0.00356451329148524,0.0221226378974161
941,0.00355694111532774,0.02212062643958378
942,0.00355217238629918,0.02211874796051048
943,0.00355072944920688,0.02211869608057731
944,0.00354748164450014,0.02211874895827052
945,0.00354089203631976,0.0221181882374931
946,0.00353111943901813,0.02211929296136737
947,0.00352771596162236,0.02211771587014268
948,0.00352026017912499,0.02211596622379616
949,0.00351327799541958,0.02211548371320887
950,0.0035076597660539,0.02211395690773547
951,0.00350424676045809,0.02211289025341159
952,0.0035021477426453,0.02211347216641689
953,0.00349723658368432,0.02211275829386251
954,0.00349419914326327,0.02211245553634871
955,0.00348761602318348,0.02211282585567291
956,0.00348289249100481,0.0221107214101832
957,0.00348260326819316,0.02211155784679879
958,0.00347792995515372,0.02211135239109516
959,0.00347670820746834,0.02211098280942809
960,0.00346972730153383,0.02210839615241245
961,0.0034628796238341,0.02210640589078589
962,0.00345826944898723,0.02210499937425777
963,0.00345645527050465,0.02210419852540123
964,0.0034515895383216,0.02210325573837084
965,0.0034505875669764,0.02210316392662293
966,0.0034454741515944,0.02210154328654596
967,0.00343897706656335,0.02209745898452641
968,0.00343400262246661,0.02209835366247763
969,0.00343311388190594,0.02209890240745214
970,0.003428885157902,0.02209882602268175
971,0.00341986641131355,0.02209250595443753
972,0.00341924666934585,0.02209254742673841
973,0.00341231597772459,0.02209159968857803
974,0.00341209894677244,0.02209152804738104
975,0.00340390625657779,0.02208965216863404
976,0.00339776031060351,0.02208867885069161
977,0.00339660893065846,0.02208841294995089
978,0.00338362384177813,0.0220850516533741
979,0.00338247931928452,0.02208507555561308
980,0.00337553455161262,0.0220824475497745
981,0.00337374325650175,0.02208168863375658
982,0.00337263192308676,0.02208096596514846
983,0.0033702095246544,0.02208058271617711
984,0.00336104883151263,0.0220792176274818
985,0.00335293910178508,0.02207741095290297
986,0.00334185531021593,0.02207541577194881
987,0.00334090149378264,0.02207516623194898
988,0.00333670168971003,0.02207503895982007
989,0.003328986314719,0.02207027473522097
990,0.00332795622494893,0.02207012661352208
991,0.00331822956976624,0.02206797459658125
992,0.00331513864199728,0.02206865698839363
993,0.00330578744159229,0.02206474990403177
994,0.00329828854983967,0.02206316793912001
995,0.00329237335598823,0.02205948260572434
996,0.0032850855807183,0.02205756776829146
997,0.00328156620126915,0.02205713183581419
998,0.00327513904894012,0.02205542636919657
999,0.00327238986071376,0.02205692820375977
1000,0.00326545616343108,0.02205584823597273
1001,0.0032633463513652,0.02205458540935855
1002,0.00325889497192915,0.02205379279438743
1003,0.00325204506402765,0.02205232910476404
1004,0.00325089773121688,0.02205189939316791
1005,0.00324861671176863,0.02205309948373214
1006,0.00324428224532811,0.02205201675570719
1007,0.00323871548040703,0.02204894164546994
1008,0.00323528337496748,0.02204849111301227
1009,0.00323349356338546,0.02204946152745991
1010,0.00323240716427721,0.02204905509789348
1011,0.00323130876255031,0.02204907563293897
1012,0.00322421821847656,0.02204706704342009
1013,0.00322082297932246,0.02204618922231988
1014,0.00321918298706481,0.02204632326905184
1015,0.00321715574902113,0.02204592564926534
1016,0.00321315570372985,0.02204599390577875
1017,0.00321055885294019,0.02204554654635513
1018,0.00320938819139921,0.02204547328595417
1019,0.00320639212930899,0.02204433224311462
1020,0.00320301228630943,0.02204368051809168
1021,0.00319502223356686,0.02204257270197277
1022,0.00319267615984469,0.02204199612298053
1023,0.00318835175419796,0.02204106313242693
1024,0.00318744293530539,0.02204198168194326
1025,0.00317881869436603,0.02204003182571215
1026,0.00317388648735842,0.02203880873173767
1027,0.00317330387311892,0.02203864815403967
1028,0.0031700152358702,0.022038524995748
1029,0.00316289536305445,0.02203686027947267
1030,0.00316240515795705,0.02203691130602582
1031,0.00315884624263287,0.02203810053335761
1032,0.0031572078146668,0.02203758965287007
1033,0.00315036798229932,0.02203450591949219
1034,0.00314242458309771,0.02203275054765369
1035,0.00313741556226342,0.02203176192595242
1036,0.00313307833846779,0.02203035663369469
1037,0.00313223522278282,0.02202982224511202
1038,0.00312392219960177,0.02202846206271188
1039,0.00312119644769387,0.02202798653671711
1040,0.00311588793709102,0.02202643394470099
1041,0.00311473929669152,0.02202691123486311
1042,0.00310827925656001,0.02202435044049753
1043,0.00310778419048551,0.02202417869020162
1044,0.00310361152956342,0.02202338375703825
1045,0.00310063450272367,0.02202247116063459
1046,0.00309721872162989,0.022020751799649
1047,0.00309601057046301,0.02202040596598561
1048,0.00309548348455836,0.02202041718228992
1049,0.0030892911682,0.02201727015655339
1050,0.00308390698012194,0.02201679117943044
1051,0.00308135099042703,0.0220167441849783
1052,0.00307751558768896,0.02201565420687345
1053,0.00307698535813195,0.02201577112899228
1054,0.00307059049911187,0.02201374167291295
1055,0.00306682313337845,0.02201373545114816
1056,0.00306369215666933,0.02201359443979635
1057,0.00305933494885897,0.02201324985423267
1058,0.00305397742219584,0.02201173781194567
1059,0.00305206713549277,0.02201138428576207
1060,0.00304994377861202,0.02201107865631319
1061,0.00304808702823134,0.02201106645726035
1062,0.00304583071776709,0.02201045769024704
1063,0.0030449085539998,0.0220099875061586
1064,0.00304270508392688,0.02200977169891354
1065,0.0030358169161259,0.02200733813660067
1066,0.00303463214112103,0.02200705589364621
1067,0.00303303572319808,0.02200670494779427
1068,0.00303255310648466,0.02200632280933703
1069,0.00302979804442994,0.02200530612556607
1070,0.00302212572826496,0.02200290309666834
1071,0.00302071962955659,0.02200389982237159
1072,0.00301957303452368,0.022004228324427
1073,0.00301828426835994,0.0220052332916507
1074,0.0030163865216288,0.02200487869500413
1075,0.00301497920127248,0.02200393094026015
1076,0.00301434293523676,0.02200378593112047
1077,0.00301196636151529,0.02200398692017446
1078,0.00301062817447626,0.02200397118163738
1079,0.00300948969732872,0.02200313802769998
1080,0.00300830192920274,0.02200241506772849
1081,0.00300179770679525,0.0220013132670436
1082,0.00299964567457165,0.022001344870795
1083,0.00299226966790551,0.02200009403324638
1084,0.00298711127650984,0.02199943821706403
1085,0.00298319569723978,0.02199833875033479
1086,0.00298204885479322,0.02199846393403688
1087,0.00298058718652785,0.02199885855280413
1088,0.00297482078808116,0.02199813173275806
1089,0.00297335242083565,0.02199745332115914
1090,0.00297288746251925,0.02199717900817158
1091,0.00297099108761494,0.02199683722388437
1092,0.00296982228383221,0.02199632787118861
1093,0.00296572612057403,0.02199477561042298
1094,0.00296079837390978,0.02199470634114975
1095,0.0029561446593035,0.02199493146754847
1096,0.0029532208715275,0.02199511903308568
1097,0.00295024854324283,0.02199332140436681
1098,0.00294518093246636,0.0219927369323703
1099,0.0029430333128821,0.02199220667322471
1100,0.00293784774570452,0.0219901729961962
1101,0.00293409845861717,0.02198839249946597
1102,0.0029311160998847,0.02198824840537139
1103,0.00292754568188014,0.02198830087316307
1104,0.00292474727767356,0.02198896410574112
1105,0.00292259031196461,0.0219871506922681
1106,0.00291954887904935,0.0219858667626939
1107,0.00291732393402731,0.02198565926871486
1108,0.00291375116560021,0.02198421134413942
1109,0.00291288623492391,0.0219843785444254
1110,0.00291102797715396,0.02198404396913987
1111,0.00290616906862032,0.0219829350337847
1112,0.00290330513947096,0.02198168727458103
1113,0.00290057422572272,0.02198020712086501
1114,0.00289604285735969,0.0219794966454086
1115,0.00289428939260059,0.02197843197160691
1116,0.00289219289021785,0.02197757889443624
1117,0.00288870474282868,0.02197700246023989
1118,0.00288630785088541,0.02197723028622216
1119,0.00287686766872994,0.0219749974603809
1120,0.00287199337333491,0.02197350212417716
1121,0.00287045347367597,0.02197350609263323
1122,0.00286884415237871,0.02197253317573446
1123,0.0028673384726224,0.02197265716062516
1124,0.00286527691196315,0.02197261153059871
1125,0.00286364270878601,0.02197256823971631
1126,0.00286107689614689,0.0219719972888166
1127,0.00285991872619296,0.021971821030316
1128,0.00285550024009213,0.0219705461586965
1129,0.00285246193757334,0.02197014954737268
1130,0.00285006478783451,0.02196935659950658
1131,0.00284876926645467,0.021969086119692
1132,0.00284643428499517,0.02196775483643065
1133,0.00284331442482158,0.02196549489823558
1134,0.00284080690113218,0.02196447670231903
1135,0.00283575950337471,0.02196401872742372
1136,0.00282763581089797,0.02196170947632323
1137,0.00282467371103669,0.02196111515554933
1138,0.00282165834132125,0.0219600904195514
1139,0.00281667748983174,0.02195859443118282
1140,0.00281343425793132,0.02195502329961436
1141,0.00281212734719935,0.021955062487981
1142,0.00280597728291024,0.02195337970493066
1143,0.00280305047192326,0.02195266486785354
1144,0.00280171606402071,0.02195225989480528
1145,0.00279961102666185,0.02195183443543093
1146,0.00279632207942863,0.02195162879681523
1147,0.00279204754479286,0.02195246386694616
1148,0.00279142247493963,0.02195245560746266
1149,0.00278747793358824,0.02195267545318446
1150,0.00278471004730514,0.02195225212252592
1151,0.00278352584512796,0.02195186617264011
1152,0.00278081229271415,0.02195170139396425
1153,0.00278080308604915,0.0219516973460617
1154,0.00277939242333765,0.02195181525530392
1155,0.00277819174322845,0.02195097500397346
1156,0.00277201676675362,0.02194978379539895
1157,0.00276966955356051,0.02194931487250809
1158,0.00276488939656164,0.02194833333417104
1159,0.00276397093872783,0.02194888802968964
1160,0.00276194554555139,0.02194885893511421
1161,0.00275932160782897,0.02194848781476487
1162,0.00275695646256994,0.02194790039970311
1163,0.00275592328203683,0.02194853966964973
1164,0.0027525942921336,0.02194809160596857
1165,0.00274561774914704,0.02194732501971303
1166,0.00274221562963062,0.0219459761456638
1167,0.00273915939945031,0.02194589940348875
1168,0.00273727608059915,0.02194534102169802
1169,0.00273514240102515,0.02194466256873272
1170,0.00273123673900836,0.02194336099604977
1171,0.00272844597028898,0.0219415216797863
1172,0.00272295010008493,0.02194050183758208
1173,0.00272189053895533,0.02194097612771768
1174,0.00271873951684513,0.02193953747164716
1175,0.00271606748578332,0.02193915577813535
1176,0.00271563715169967,0.02193949987881597
1177,0.00271049171557755,0.02193910717970122
1178,0.00270756727029755,0.02193865485000902
1179,0.0027058197990435,0.0219386160603185
1180,0.0027049318200369,0.02193873892050936
1181,0.00270493171156305,0.02193873929951453
1182,0.00270493160621431,0.02193873933604691
1183,0.00270493150207883,0.02193873933077002
1184,0.00270493140259453,0.02193873936907055
1185,0.00270493131723936,0.02193873931844433
1186,0.00270493123617678,0.02193873926042755
1187,0.00270493115624473,0.02193873921103649
1188,0.00270493108092775,0.02193873915531355
1189,0.00270493100569859,0.02193873911608987
1190,0.00270493093431162,0.02193873907539012
1191,0.00270493086475002,0.02193873903054493
1192,0.00270493079860116,0.02193873899067461
1193,0.00270493074146694,0.02193873894553044
1194,0.00270493068477239,0.02193873890983651
1195,0.00270493063005178,0.02193873886743948
1196,0.00270493057776167,0.02193873883438529
1197,0.0027049305290676,0.02193873879442026
1198,0.00270493047957461,0.02193873875927186
1199,0.00270493043236382,0.02193873872393113
1200,0.00270493038744019,0.02193873869632494
1201,0.00270493034348258,0.02193873867161454
1202,0.00270493030043342,0.02193873864109259
1203,0.00270493025809465,0.02193873861492647
1204,0.00270493021862251,0.02193873858614766
1205,0.00270493017872876,0.02193873856077722
1206,0.00270493013416752,0.02193873853316052
1207,0.00270493009362891,0.02193873850449246
1208,0.0027049300527371,0.02193873847838511
1209,0.00270493001050008,0.02193873845245916
1210,0.00270492997110862,0.02193873842951066
1211,0.00270492993220267,0.02193873840367223
1212,0.00270492989607235,0.02193873837964576
1213,0.00270492986051801,0.02193873835664669
1214,0.00270492982639203,0.02193873833780374
1215,0.00270492979229068,0.02193873832318223
1216,0.00270492975634643,0.02193873830351014
1217,0.00270492972534055,0.0219387382872154
1218,0.00270492969413805,0.02193873827184534
1219,0.00270492966120347,0.02193873825435388
1220,0.0027049296318155,0.02193873824042171
1221,0.00270492960288956,0.02193873822683979
1222,0.00270492957358005,0.02193873820977035
1223,0.0027049295464856,0.02193873819721818
1224,0.00270492951936023,0.02193873818137685
1225,0.00270492949356125,0.02193873816713184
1226,0.00270492947579085,0.02193873815503634
1227,0.00270492945947886,0.02193873814194925
1228,0.00270492944225984,0.02193873813004322
1229,0.00270492942450125,0.02193873811753616
