x^•TKoÓ@nú ¡ï‡Z„Z 'T.¡¨Š„Tm7uãìVö&´Hhä¤Û:;ÁªH •C¡•VâÀöðo¸så7”±¢¸°{ÞóÍÌÎž_läÒ#'Ã7má~á ö¼ž’S¥äo‰£@„a'P_Õ£êƒZ•ù0
œH¡Í°'_É|³ã‡‘ãGŠÊüÛ‰V[ ={(œ(øŽ'Bhù äüëN£ÝjüØëö ÛjbV%giÂ’ pz/§Û7òÅfÛ	C%GR/%Gý'±EPr$t®P•åS¤;ÁºÊœ†ôAÔC¹;sE¡í ÛPçgŸ•¥V+C2÷^QJw.ñ¤ŸÊf¤rÌi·;ÇàyNWË¥gšœvëÈ÷„A£‰PUfâÆÉÈÅ—Á~Sã4;(xq;je(å"íQ7£ôß…TN•–k¨].©Çú?ìç¯’ñT	×¶Á()¹”‘/ÕaXÑÖ­:á£©v,Ó–×3Ü¨"3œx Œ”êºeÃBftªÌ ¶’Ó»–±‡Ì¾NÓÐ8=‚v¤¬j4…\ÉIZC—™eèè5Iö	å%‹¼Jö”'EV×i©–ryƒÖûŠ¹-fmƒ¡%°ô]fa´q›˜ºZ­Z3•\Æ
Öø>db‹™¦AËWêyR/á£šâI@N2Ó"´R|š–­äBÝÐ8³öÁd¶ÜBk`üÞ?ä×1›µëÕ],š×’æ<¤µjQ·€mÁ6«êš 0Äi›ÃúZ‚»p»i3Šiý¹‘Lx›c+qxX{gã2õºnÂuã†©L#;U$Z8[ÛfX„À‹\¸8Î®å€œò¡¿‰ÙV–å˜8êÆQˆlNÞ¾Ú`PîD¶çî´;çÎãEÌ}Rî‚»èÞqïÊÁÃôüÀ¼îƒ3w%ÙŒÁËËo+?Ùãï?6/î_A™þ3ïD¶:øzŒ<)<+¬©¸Qø:€§ø