0,0.1227474448123107,0.12171824545094116
1,0.12100178469288718,0.12020077490223911
2,0.12088180243253827,0.12059206835458958
3,0.12192778412055535,0.12168321027322321
4,0.12146143614508706,0.12115440813560602
5,0.12114806285809875,0.12086212024245466
6,0.12151102760087863,0.12136349674429664
7,0.12187610769960901,0.12185544007178022
8,0.12156335608918574,0.12129466437573228
9,0.12094453826927615,0.12047638327390414
10,0.1198818779087043,0.11945264900466007
11,0.11880978743240882,0.1186524765260855
12,0.11824202118354168,0.11817872417273151
13,0.11838203681794013,0.11830271932493891
14,0.1181513077631157,0.11791081182157648
15,0.11807826784969937,0.11775118472163529
16,0.11794856689022756,0.11753939100209522
17,0.11785515331857173,0.11740680454863116
18,0.1174972571769894,0.11712423918041918
19,0.11750361946959711,0.11706651517352058
20,0.1174625665480708,0.117056506623002
21,0.11741982013997249,0.11702510057487135
22,0.11716227533019682,0.11680545075350346
23,0.11720818752807977,0.11683714506945263
24,0.11686755826348699,0.11653180698622695
25,0.11694656243464387,0.11657285027939691
26,0.11679293452481364,0.11637596738019916
27,0.11671039259885055,0.11630932815646601
28,0.11675659150107376,0.1163189341790415
29,0.1167332656402166,0.11634621325523052
30,0.11662236557292778,0.11624586504668842
31,0.11658636812544959,0.11630525317499205
32,0.11665489738166679,0.11639470948713135
33,0.11669086633306239,0.1163587833249068
34,0.11691326646267461,0.11656563611937526
35,0.11685120165000351,0.11649074831959
36,0.1167707394944037,0.11640151823493676
37,0.11677724242031547,0.11641698688653904
38,0.11674692455770604,0.11641915668637769
39,0.11675994546451855,0.11645457422112754
40,0.1166929999853641,0.11635651076580462
41,0.1166623354540142,0.11634113634987242
42,0.11663952602819312,0.11631256351276972
43,0.11658595343350947,0.11626353731679605
44,0.11663839912360906,0.11629280882735935
45,0.11654076908805446,0.11621217626158632
46,0.11659985216297016,0.11627286865454478
47,0.11662685363422351,0.1162968874004592
48,0.11664839142068843,0.11629582917996825
49,0.1166057149178225,0.1162103087343652
50,0.11666382676283811,0.11628125646049414
51,0.11673343559857721,0.11635638204002176
52,0.11669577995280833,0.11631739933484038
53,0.11672149176386556,0.11632155792264438
54,0.11673970217392982,0.11632031699465586
55,0.11674810494711092,0.11631841712575097
56,0.116720472490695,0.11629746413305549
57,0.11652183229217362,0.11606667491399426
58,0.11643806169707502,0.11599365006648595
59,0.11645701654234289,0.1160102652733816
60,0.11643523514468136,0.11601136918145517
61,0.11646716029226407,0.11603053485442837
62,0.11650222981302748,0.11605403946341256
63,0.11654582235667156,0.1160744509849604
64,0.11647679372039818,0.11600983902395401
65,0.11632415522354474,0.11582911709751105
66,0.1162452548670364,0.11576162756426807
67,0.11607692559417122,0.11557739343648242
68,0.1161032635317275,0.11559603790356111
69,0.11613312236567831,0.11562594861163053
70,0.1161545282286249,0.11565453810771736
71,0.1161364092062996,0.11563612889611401
72,0.11613270462132408,0.11562967178620333
73,0.11617003961826115,0.11566783114486819
74,0.11619794660139555,0.11568112023349554
75,0.11624868243873075,0.11572506206302129
76,0.1162348079698239,0.11571019009587014
77,0.11610914666781623,0.11554941764483949
78,0.11613632444328298,0.11556618319235001
79,0.11614662340038948,0.11555902705311041
80,0.11610596115551866,0.11549657417779846
81,0.11614254536072757,0.11552751873665763
82,0.1161651351627367,0.11554090519315349
83,0.11616330464657501,0.11554999003728582
84,0.11610270047556996,0.11550315907107085
85,0.11602073257268825,0.11541980145429954
86,0.11602404703841457,0.11541393835452426
87,0.1160491699888806,0.11542416148432555
88,0.11607748000011954,0.11545605695114536
89,0.11607497893090817,0.11545212532736215
90,0.11600268914716759,0.11537654639183953
91,0.11596651063732634,0.11534907825547243
92,0.11596771074621202,0.11534708705671634
93,0.1159488067610494,0.11533030165340884
94,0.11597168404793959,0.11536625330801761
95,0.11601989780031671,0.11541646071975412
96,0.11604790896008443,0.11543539992917047
97,0.11598227314026828,0.11538241869888376
98,0.11592973314655132,0.11533969282806888
99,0.11595833459990097,0.11536347805142758
100,0.1159607929959814,0.1153619873256649
101,0.11594574675340935,0.11534199374789156
102,0.11598478263749443,0.115379125681522
103,0.11599876576858666,0.11537326851264786
104,0.11602055330703707,0.11539856520853589
105,0.11605778852149437,0.11544881623341599
106,0.11608540401974517,0.11548619089789258
107,0.11610079548695294,0.11550082630299296
108,0.11607872985967485,0.11549230725271376
109,0.11611050524170353,0.11552104524743234
110,0.11588949126655573,0.11530294878527143
111,0.11583780993300631,0.11525945925005385
112,0.11580756651621621,0.11523989394172762
113,0.11582711222891433,0.11525553185324924
114,0.11584382588912567,0.11526926088583309
115,0.11584108360671176,0.11527366195712142
116,0.11563651335634852,0.11508413382962866
117,0.11560559950717599,0.11507145362858855
118,0.11559148740307892,0.11504891078161572
119,0.11563731333897016,0.11509750064276977
120,0.11562090769161608,0.11509390893650229
121,0.115654505902924,0.11513353148828302
122,0.11569244824920069,0.11517000904863164
123,0.11572368538752023,0.11519737914319084
124,0.11568604557943088,0.11517649157340397
125,0.11566852757159081,0.11515934833620305
126,0.11563812092533851,0.11513435517579594
127,0.11563998856360982,0.115133269039811
128,0.11557218543798409,0.1150823484806901
129,0.11558012162513592,0.11508805054098166
130,0.1155216033199854,0.11503883028901551
131,0.11555166012321841,0.1150747725692531
132,0.11556991090313304,0.11509427047228867
133,0.11550328258078227,0.11503482556643294
134,0.11548857340471753,0.11503062813688317
135,0.11551293281856613,0.11505817420247619
136,0.11546614253377413,0.1150159032070126
137,0.11545958958352462,0.11499606283401378
138,0.1154976404819586,0.11503593211343573
139,0.11549159540686964,0.11502993560538033
140,0.115532619325203,0.11507040811303042
141,0.11554504479244984,0.1150845985427594
142,0.11556217334220768,0.11509053760011771
143,0.11555486490976408,0.11508151130548289
144,0.11555374160006375,0.11507117260011666
145,0.1155216662609083,0.11503557284513442
146,0.11552644034697576,0.11503350529394042
147,0.115533863704334,0.11503842053992025
148,0.11551806472723247,0.11503425970068278
149,0.11553672506894701,0.1150489451063649
150,0.11556424651685387,0.11507333509267394
151,0.11554874819538812,0.11505671740597688
152,0.11555215600975868,0.11506459846685659
153,0.11552906794173552,0.11504106012181958
154,0.11550645874686115,0.11500874179604452
155,0.11547266791129546,0.11497989048840462
156,0.11546170308497071,0.11496779174031238
157,0.11549613075553415,0.1150038739985472
158,0.11550506717136645,0.11501952464606496
159,0.11552797622635984,0.11504680709359372
160,0.1155223219690452,0.11503137338353288
161,0.11550367169341576,0.11502437292837535
162,0.11544997066965659,0.11494277689545696
163,0.11546022804557392,0.1149508799268987
164,0.11547116529570525,0.11496196103043536
165,0.11547109289691787,0.11496454267683007
166,0.11548321704625229,0.11497469116825887
167,0.11546451259218159,0.11495860276228266
168,0.11547090477925885,0.1149531368088734
169,0.1154896927374315,0.1149703338285123
170,0.11549523130237066,0.11497876237941618
171,0.11551192269624345,0.11499641488987244
172,0.11553460158912829,0.11501727514875447
173,0.11553523992949356,0.11501554244759588
174,0.11552324371402092,0.11500053194595534
175,0.11553653679641322,0.11501942675523046
176,0.11556799642539388,0.11505190505688667
177,0.11558627228075602,0.11507618776078932
178,0.11560618259060648,0.11509262396043853
179,0.1156246584372805,0.1151111532018012
180,0.11564224025028233,0.11512606108144063
181,0.11565809353338062,0.11513558235316848
182,0.11567005320112282,0.11515250592605553
183,0.11567713998458096,0.11516111807845657
184,0.11569160779200449,0.1151800376664829
185,0.11555943673174228,0.11505552238880909
186,0.11556827160408818,0.1150688247250026
187,0.11551342567055393,0.11501439382252994
188,0.11550348436133426,0.11500917666660461
189,0.11547196961880782,0.11497886399599111
190,0.11542341088604965,0.1149327630931402
191,0.11543962383551165,0.11495371381736372
192,0.11545030884736528,0.11496278566331589
193,0.11547515229355602,0.11498848848913742
194,0.11550282226961818,0.11501825218957037
195,0.11551941656958838,0.11503593656800001
196,0.11550844990548483,0.11503603976534116
197,0.1154797146546033,0.11501250178998547
198,0.11549336619991317,0.1150210103005883
199,0.1155059425315792,0.11503532406008538
200,0.11552690727734764,0.11505680030432973
201,0.11550553429879616,0.11504090117837633
202,0.11548889224189908,0.11502220901387161
203,0.11549550808263237,0.11503159195565434
204,0.11548770865799297,0.11502397842738683
205,0.1154837328450034,0.11502189885026777
206,0.11548259357198902,0.11502934902156166
207,0.11549804726418421,0.11504055142211332
208,0.11551534859532415,0.11505932682740826
209,0.11549040375750105,0.11504454459128885
210,0.11549040563008908,0.11504170461241377
211,0.11547902575361166,0.11502972225539655
212,0.11538321797247013,0.11492693600074838
213,0.11537022751070027,0.11491615163395974
214,0.1153661256767497,0.11491691815736692
215,0.11535535104460001,0.11490562779086445
216,0.11536556217197438,0.11491615447335737
217,0.11537980422165965,0.11492865286247946
218,0.11537973748890563,0.11493008829987897
219,0.11535887920662855,0.11491445624831119
220,0.11533015778336461,0.11488094040013
221,0.11531675179881352,0.11486417044064337
222,0.11531512150830464,0.11486407326570111
223,0.11532954625073483,0.1148826086540731
224,0.11530545848316828,0.11484203717840165
225,0.1153118008213798,0.1148424199918
226,0.11528220131133873,0.11482087064476756
227,0.11528204222424009,0.1148177944892007
228,0.11528460850690032,0.11480552590491475
229,0.11528486242707121,0.1148056114850082
230,0.11527000972343267,0.11479709307401784
231,0.11528779441058025,0.11481773918067109
232,0.11531221099544431,0.11484295148735978
233,0.11528953735900864,0.11482196651354615
234,0.11529749399594286,0.11482928990322028
235,0.11526169303888281,0.11478844730779258
236,0.11529407508946711,0.11481633281186135
237,0.115316554181423,0.11484049020144614
238,0.11533533551574791,0.11485706664074351
239,0.11533815728809162,0.11485736953411954
240,0.11535497604352404,0.11487302348099006
241,0.11536819998625733,0.11488350930184762
242,0.11534746735859844,0.11486436254392736
243,0.11535685360205084,0.11487342771156486
244,0.11537944535621522,0.11489670628975569
245,0.11539253883119206,0.1149083395859272
246,0.11539941232427041,0.114919327249195
247,0.11540539543547733,0.11492346049455211
248,0.11538027463785529,0.11490024690587627
249,0.1153871707835006,0.114910404137565
250,0.11540603067279034,0.11492656551400497
251,0.11541456550617094,0.11493841736592164
252,0.11542395666591611,0.11494663851723151
253,0.11544855475583783,0.11497223877673071
254,0.11546791007217733,0.11499545281334793
255,0.11549011547444686,0.11501834084373924
256,0.11549678383790378,0.11502992152596694
257,0.11548076250253056,0.11501285879017392
258,0.11549993568018715,0.11502655706865457
259,0.11549949288433985,0.11502591535348762
260,0.11548083412779524,0.11501034953759359
261,0.11546217905511767,0.11499477239625959
262,0.11544968736237136,0.11498949503046738
263,0.11544153279926164,0.11498208762664537
264,0.11544026153610332,0.11498505021910864
265,0.11543805671916922,0.1149819961933853
266,0.11545095129655068,0.11499751471860527
267,0.11545284063138324,0.11500339067074929
268,0.11545846771398702,0.11499987012585548
269,0.11547069261224148,0.11500552947901013
270,0.11549183532421105,0.11502746292457283
271,0.11550660348056672,0.11504447501869491
272,0.11549040168886104,0.11502531754996559
273,0.1154535908721489,0.11499186471597388
274,0.11547018516714018,0.11500900492790044
275,0.1154816334872553,0.11502045416586977
276,0.11549386813700292,0.11503294387970803
277,0.11550662178032885,0.11503745690715539
278,0.11551703756010258,0.11504268125164664
279,0.11550911743638057,0.11503399576013534
280,0.11552005533248584,0.11504260771681925
281,0.11551882666631029,0.11504371071003602
282,0.11553398840124011,0.11505764851818705
283,0.11554268481119945,0.11506333725213613
284,0.11551341452099644,0.11502814438542872
