0,0.33404444248954906,0.335905759288008
1,0.3110019425243858,0.313094036463135
2,0.28977315424249506,0.291976057578051
3,0.2701597908363991,0.2724383655359166
4,0.2520013077058181,0.25421292346969315
5,0.2354393105900417,0.2377356832252437
6,0.22012243830500444,0.22238989382671376
7,0.20596683965427595,0.20814353807297245
8,0.19303568563032197,0.19505427493318875
9,0.18109492082599957,0.18298355027161914
10,0.1701950853180589,0.17208074701773748
11,0.1599418756833287,0.16164754036170823
12,0.1505693043035848,0.15223476934678476
13,0.14194328569036438,0.1435580105213398
14,0.13409281324516942,0.13571263904686054
15,0.12667655542531828,0.12835230575630857
16,0.12009367478363184,0.12169833425802128
17,0.11389220696423483,0.11561330103414362
18,0.10823039187593611,0.11005978065849333
19,0.10309342869168579,0.10493012497562916
20,0.09852495877777294,0.10038756860876426
21,0.09433185051415935,0.09615238274926026
22,0.09046499012869716,0.09229797130417321
23,0.08696362644202735,0.0887833821699128
24,0.0837876215130485,0.08562759917758428
25,0.08086188301557327,0.0827749191779462
26,0.07808056568639113,0.08010620069033608
27,0.07567540536932679,0.07781976742928222
28,0.07346206589404211,0.07559535958040639
29,0.07147277291792827,0.07367011847840708
30,0.0694530833377301,0.0716446224920385
31,0.06767895259710685,0.06971614695606408
32,0.06595606769067247,0.06806087534120843
33,0.06425563488353425,0.0664704525287818
34,0.06275275262950812,0.0650636148145885
35,0.06150874669031547,0.06374638314863046
36,0.06018842876852286,0.06264816651899464
37,0.05911052829910073,0.06166972234889828
38,0.05788260791937327,0.06056190167867812
39,0.05691300036711038,0.05977989881038885
40,0.05580435381588462,0.05883661034918312
41,0.05498655211836341,0.05803373413810695
42,0.05420948698148496,0.05736945725460085
43,0.05349103254143651,0.05673661504719809
44,0.05282875663603923,0.05619127646871999
45,0.05223485380197308,0.05562535043559441
46,0.05151591733860815,0.05495611590820988
47,0.05096220174064493,0.05451448714199733
48,0.05033869784366569,0.05393784729092215
49,0.04982595849041827,0.05350280166096885
50,0.04923349774461482,0.05293905084171894
51,0.04872657470521019,0.05249151688317762
52,0.04836306668662082,0.05216265776516635
53,0.04760242964817699,0.05167318698332912
54,0.04693428386586244,0.05106528708581176
55,0.04654249424104605,0.05076334431876148
56,0.04591407902801137,0.05021778642359961
57,0.04556410926118156,0.04994986013291512
58,0.04522736200528911,0.04970473935896699
59,0.04468163369435774,0.04922414016746501
60,0.04442188099626691,0.04899937702804266
61,0.04371994420364324,0.04836614637885588
62,0.04336791539103155,0.04802563930990467
63,0.04280537396818579,0.04760400464454537
64,0.04243566827620147,0.04729171707389867
65,0.04198739226705936,0.04693915055045442
66,0.04167769408348043,0.04662780010747725
67,0.04101026800139021,0.04610014213392394
68,0.04057452561720681,0.04570077848752886
69,0.03999545644131738,0.0452917546190763
70,0.03955219141566125,0.04509519026102757
71,0.03897318892344539,0.04468912199541737
72,0.03845948311280295,0.04442458288097779
73,0.03826379120461339,0.04432389739675374
74,0.03766135312209504,0.04385686065694904
75,0.03737436631716368,0.04374347713302455
76,0.0368523127462681,0.04343919591465101
77,0.03643690480664716,0.04306546995336825
78,0.03619842202992124,0.04289264733004806
79,0.03577969291972027,0.042692381933298
80,0.0354910779154515,0.04242415465916035
81,0.03505173074410096,0.04216945300828125
82,0.03474165714518229,0.0419868854290062
83,0.03435882667787689,0.04182340348266319
84,0.03405178508838149,0.04161892441340369
85,0.03375674240951764,0.0413745605748251
86,0.03346815102187153,0.04113138696238719
87,0.03333545452122216,0.04105876648130717
88,0.03302565072606374,0.04086175147197393
89,0.03281801737422773,0.04069303413548565
90,0.03256221815576507,0.04049662722988843
91,0.03221308627407318,0.0403581996472742
92,0.03205210433641783,0.04015857426548827
93,0.031891553778613,0.04007844217291322
94,0.03157501970042192,0.03986254644334288
95,0.03123963130091595,0.03963717220921818
96,0.03089728078940648,0.03945479811344509
97,0.03059674350178447,0.0393300011106081
98,0.03033034522373923,0.03914097859540816
99,0.02998212271267694,0.03889639543792914
100,0.0297303701389059,0.03875535171406542
101,0.02957583864396349,0.03868683766189612
102,0.02933752845538827,0.03855082218841197
103,0.02906826195532649,0.03834180031870228
104,0.02889874474937921,0.03821920475987833
105,0.02874205283165476,0.03804560328223358
106,0.02853470988069352,0.03789936525851614
107,0.02839420506343321,0.03783112697166163
108,0.02820149774602135,0.03765390093644678
109,0.02807354871915682,0.03753065471480217
110,0.02791287604942006,0.03738438495215134
111,0.02778447974405597,0.03726266381284763
112,0.02762859795289201,0.03714534852112599
113,0.02750819355275504,0.0370094244384839
114,0.02734857176774009,0.03688690570269708
115,0.02700946728452937,0.03667718432973627
116,0.0268071221907323,0.0365635201024062
117,0.02669220474547859,0.03644414474873801
118,0.02659854405039307,0.03637611522257604
119,0.0263982749423362,0.03624668511886456
120,0.02631759755725186,0.03619234453947542
121,0.02622856603475789,0.03609518979463277
122,0.02596993658382759,0.03586873258478338
123,0.02583811731007842,0.03576161176547121
124,0.02569812089648377,0.03571352997093077
125,0.02561910379790717,0.0356215052556839
126,0.02542160055671027,0.03546716727799069
127,0.02515133602870755,0.035271361319734
128,0.02485710047620486,0.03509371835549176
129,0.02465069195990198,0.03492715619851602
130,0.02438781521009194,0.03475255737970946
131,0.02416042547032065,0.03461821658309251
132,0.02401003795853712,0.03451055553049222
133,0.02382281503584289,0.0343509241556983
134,0.02361963826700229,0.03417438197133808
135,0.02338679422314576,0.03402522798492141
136,0.02323107688139742,0.03389296219697172
137,0.02307296831327937,0.03376286168018987
138,0.02290528792841243,0.03365296465119383
139,0.02282873320148428,0.03361166716444273
140,0.02259625419613608,0.03346525745987539
141,0.0224313741847932,0.03332998108857286
142,0.02226372903490201,0.03319869707596444
143,0.02219238562631896,0.03312195792124586
144,0.02209583484630903,0.03306217780217534
145,0.02196190939690115,0.03297972187500853
146,0.02182275224826464,0.03289040349749577
147,0.02161617124806013,0.03272215838822727
148,0.02148619602888148,0.03262981716889396
149,0.02135056747690027,0.03252895329733296
150,0.02122479081408779,0.03244603701528322
151,0.02115412150637522,0.03236995822844314
152,0.02107038893820565,0.03232049025170823
153,0.02096202887914601,0.03225436322810394
154,0.02089049945607661,0.0321747859255006
155,0.02076758421886552,0.0321014231124626
156,0.02064965964361925,0.03199822598934078
157,0.02052324594483891,0.0319236059129045
158,0.02035227106264597,0.03182039321582858
159,0.02023929932873417,0.03174518982573964
160,0.02011867912609212,0.03166661674967357
161,0.02001976678965545,0.03160355391498543
162,0.01991518118420161,0.03153697474460078
163,0.01982044659984302,0.03148835623034733
164,0.01972693610080027,0.03137198555493488
165,0.01959986507764644,0.03125007502046477
166,0.01948779011800074,0.03116380214157679
167,0.01940842286802232,0.03104996305601296
168,0.01934745130744074,0.0310005506581536
169,0.01922495234356822,0.03087991662563614
170,0.01913850360087428,0.03080489239246203
171,0.0190673724939414,0.03071349997712635
172,0.01896066195864441,0.03063226108591253
173,0.01888075198272637,0.03058141857936996
174,0.01880082177606732,0.03053207684275575
175,0.0187136115019263,0.03047850978930455
176,0.01861253431861204,0.03041394455656795
177,0.01855633820113177,0.03038685958788903
178,0.01841032285937248,0.03028316050362055
179,0.01837024292322003,0.03026807427682606
180,0.01832678226180799,0.03023305013060552
181,0.01822885654162661,0.03018573918952077
182,0.01813027097579144,0.03012181404718653
183,0.01804094139259904,0.03005334952210387
184,0.01799643402647058,0.03000854104699054
185,0.01789900855543059,0.0299512218620911
186,0.01787708652576347,0.02992689529123986
187,0.01772213695808415,0.02982698744476579
188,0.01765914141486496,0.02980946992143975
189,0.01758044535152925,0.0297431413943792
190,0.01754446800203004,0.02973145302334588
191,0.01746126886123062,0.0296519413901535
192,0.01736884632151809,0.02958362997949179
193,0.0172625690244036,0.02951334019388527
194,0.01724245910547235,0.02949999339823063
195,0.01719995373493031,0.02946701798037533
196,0.01717625696250148,0.02945540988506626
197,0.01705529517082168,0.02939112851945884
198,0.01702724180750428,0.02936253096599398
199,0.01697656860394247,0.02932837712429105
200,0.01693466863720768,0.0292940953092604
201,0.01681433834921432,0.02919349452788489
202,0.01671072599021172,0.02911747593393991
203,0.0166397347544018,0.02905766034738709
204,0.01654060522493448,0.02901404510153646
205,0.01647434076487989,0.02895990741289172
206,0.01640414043101539,0.02890791816890097
207,0.01630628153287845,0.02885722095182371
208,0.01627839662542103,0.02883947928597225
209,0.01620725120485247,0.02879322774364389
210,0.01614337291459307,0.02875107733024491
211,0.01610693553012277,0.02871901108762005
212,0.01605668420464611,0.02869257666917058
213,0.01595330882024779,0.02860640545021055
214,0.01592897601203001,0.02859160282930657
215,0.0159061776095508,0.02856408458805617
216,0.01583176917117133,0.0285116496125938
217,0.0157610775587907,0.0284518129953721
218,0.01573609199871511,0.0284260922238153
219,0.01565631663005531,0.0283788574907636
220,0.01558113233978919,0.02834908954759533
221,0.01549146039880664,0.0282708924107121
222,0.01546646185193827,0.02824816817366737
223,0.01538962260580606,0.02819660090874803
224,0.01534616743945953,0.02816042830011558
225,0.0153159683771465,0.02814064443245089
226,0.01526870723094101,0.0280952656409878
227,0.01518238322564211,0.02806142456695253
228,0.01516189557208149,0.0280451362282892
229,0.01508447116824999,0.02794389726139303
230,0.01506663559135728,0.02793076366553188
231,0.01498460897509635,0.02789102598496695
232,0.01489974407407326,0.02784817924640806
233,0.01484632787087926,0.0277947389487753
234,0.01482920150973047,0.02777388959761415
235,0.01480913555628118,0.02776034141220976
236,0.01477555036590853,0.0277340133092884
237,0.01474589217435958,0.02769712599341389
238,0.01470649480014928,0.02766111278827977
239,0.01469038962279637,0.02764318318796627
240,0.01461788755031698,0.02757008643260131
241,0.01453618215391166,0.02753269089500008
242,0.0144454725746908,0.02741439866053764
243,0.01435680658833717,0.02734616839103041
244,0.01434072832362736,0.02734205030235809
245,0.01423536470912858,0.02724889143181217
246,0.01421103782065832,0.02722862293048708
247,0.0141877051046301,0.02721032298685664
248,0.0141374258746849,0.02716547291863626
249,0.01405195908508821,0.02710916657318878
250,0.01403380106388621,0.02709439952538974
251,0.01395336620000149,0.02704701564919176
252,0.01384420100147287,0.02697323444171655
253,0.01378577988796026,0.02693405081708383
254,0.01374904417504099,0.02689916336405052
255,0.01373048572968113,0.02688948059720457
256,0.01369147531391895,0.02686255707680147
257,0.01365870094962455,0.02681961739594747
258,0.01363873548209507,0.02680466160823516
259,0.01354726683001806,0.0267660081381762
260,0.0135232284716916,0.02674995729223097
261,0.01349207371869621,0.02673034567714398
262,0.01347753688930001,0.02671929511945233
263,0.01341207668202067,0.02663368667296443
264,0.013373275636048,0.02660840817087367
265,0.01334066263496893,0.02658819276713043
266,0.01325478046090448,0.02655703632890669
267,0.01320664931070335,0.02653040725241
268,0.01314987064210937,0.02648744261943583
269,0.01311188950596891,0.02644448046344403
270,0.01308528654537188,0.02640845080230444
271,0.01304080727879748,0.02639140704133884
272,0.01297112304932546,0.02634348184761047
273,0.01295402377043053,0.02632717371590178
274,0.01287947818834097,0.02628879712284314
275,0.01279966586739477,0.02623001203584169
276,0.01272031903481934,0.02617964150855158
277,0.01267499257579693,0.0261522355394588
278,0.01263230911643507,0.0261309165997537
279,0.01260656209569264,0.02611120467146689
280,0.01259158053808504,0.02609980390866804
281,0.01257014306001997,0.02607456225903762
282,0.0125553426252312,0.02605650131188616
283,0.01249071853004075,0.02602545364043537
284,0.01238008841069628,0.02598168584711038
285,0.01234545446712251,0.02595911703368212
286,0.01232570694922747,0.02594781471817869
287,0.01227726363803998,0.02592469115310166
288,0.01222477015719114,0.02589033292515987
289,0.01217451139587467,0.02585204008790789
290,0.01210807047938657,0.02582131501266657
291,0.01205079876042213,0.02576154873525854
292,0.01200250742278632,0.02573107582282745
293,0.01194547014553393,0.02569549328057235
294,0.01192583877492347,0.02567076608265563
295,0.01190999474766729,0.02565894912140929
296,0.0118903089456668,0.02564422660444735
297,0.01185525068896649,0.02562646503240733
298,0.01183317697151454,0.02561037551446985
299,0.01177454300307695,0.02554638418057967
300,0.01175524501970109,0.02553981953711011
301,0.01172725952250194,0.02550857449626042
302,0.01168527741197894,0.02549664550883057
303,0.01165777454196313,0.0254755989354555
304,0.01162989312586516,0.02547149284948834
305,0.01161134147763716,0.02546722124178121
306,0.0115954453412905,0.02545136914100393
307,0.01157113151381194,0.02544001359878805
308,0.01154267429052372,0.02541926714798449
309,0.01148969833157322,0.02540070248283412
310,0.01144242083765758,0.02537364235332918
311,0.01139171008829513,0.02535685309873661
312,0.01136500481601769,0.02534554461162914
313,0.01134007381351118,0.02532230373709266
314,0.01129388557769437,0.02530439498464944
315,0.01128240874779942,0.02528994483550096
316,0.01125505873954307,0.02527593923788407
317,0.01124045312135904,0.02526511668190817
318,0.01122487156864038,0.02525360037939334
319,0.01120085365164755,0.02525121689969886
320,0.01117769708088475,0.02523100550550738
321,0.01110458527612166,0.02521191010890413
322,0.01102439655820557,0.02517124240075666
323,0.01099274458712803,0.02516109807067585
324,0.01095596111649824,0.02514453857605362
325,0.01091205539731334,0.02511805931784193
326,0.01088526940536156,0.02510150937719843
327,0.01080816670351313,0.0250568933559266
328,0.01075358464009054,0.02503237044323355
329,0.01071774216419379,0.02501874457585695
330,0.01068221997404029,0.02501547055457685
331,0.01064412396436551,0.02498427507225427
332,0.01061670245527835,0.02498334308103239
333,0.01058566007245079,0.02496216408559223
334,0.01056027938021591,0.0249509449778474
335,0.0105274006101584,0.02492221195824152
336,0.01050493946159789,0.0249185538764407
337,0.01047882998781258,0.02490098310686338
338,0.0104278723726387,0.0248775420241455
339,0.01039911992287783,0.02485812383207919
340,0.01036110219237776,0.02483933028423713
341,0.01030825752781152,0.02483260553812632
342,0.01029619048718831,0.02482774378638499
343,0.01026840042416544,0.024812708048356
344,0.01024925930106522,0.02479116488328241
345,0.01018223559660077,0.02477606623621973
346,0.010154279684735,0.02475642462951182
347,0.01012592011292268,0.02473047756956533
348,0.01010344552288908,0.02471567641450191
349,0.01008687356305503,0.02469731891129665
350,0.01007099620431321,0.02468373352678466
351,0.01004145397439971,0.02467604519477217
352,0.009994739587966,0.02465549992981066
353,0.00997781327233406,0.0246411871889881
354,0.00996368241548355,0.02463409535438929
355,0.00993173744046561,0.02460136569333587
356,0.00989715313817044,0.02457999505189204
357,0.00986324770502518,0.02455106730033538
358,0.0098164470682487,0.02454109749367711
359,0.00978215004116302,0.02452325584062708
360,0.00975064775186302,0.02450385395245501
361,0.00973545098252476,0.0244940224801392
362,0.0097018821533578,0.02447766555457872
363,0.00962787972483267,0.0244404757664659
364,0.00961623099319535,0.0244359261418645
365,0.00957994375246069,0.0244340970700093
366,0.00955569397410377,0.02440914860624123
367,0.00952889064089484,0.02439656625518746
368,0.00951025478390183,0.02438861492279707
369,0.00950083956082795,0.02438283098432426
370,0.00948938999385315,0.02438006384460084
371,0.00947961167559301,0.02438096748476509
372,0.00946159163724435,0.02436959646289525
373,0.00945330246541687,0.02436169746053663
374,0.00942612100101936,0.0243387188289515
375,0.00940804816726802,0.02432783201474406
376,0.00935195952721017,0.0243038883127821
377,0.0093443106260224,0.02430025418663366
378,0.00932079126463552,0.02429269998314606
379,0.00930119509416752,0.02428395443057725
380,0.00929087634137389,0.02427290210795071
381,0.00924129088111658,0.02425120390538368
382,0.00922028481523363,0.02424472235338362
383,0.0092068229100041,0.02423243996166356
384,0.00919667621940655,0.02422286635545202
385,0.00918785553370338,0.02421406612565645
386,0.00917753757872614,0.0242112391320713
387,0.00915411719350473,0.0241968645762984
388,0.00912368473613023,0.02418631017956922
389,0.00911113173878101,0.02418036570835887
390,0.00909111746468735,0.02418371541172628
391,0.00908084485674334,0.02417518799094578
392,0.00902965723972042,0.02415111551874225
393,0.00902054300332767,0.02413828804954024
394,0.00899010595737466,0.02411914748020536
395,0.00896814309204535,0.02409022305220645
396,0.00892164919860265,0.024073155870117
397,0.00890639546736183,0.02406207386829372
398,0.00887878220652868,0.02405117120780839
399,0.00885996630613073,0.02404484130176371
400,0.00880793778169083,0.0240310099443721
401,0.00876745073224037,0.02402095536512167
402,0.00875925404430952,0.02401673396465715
403,0.00872393447156138,0.02400356808659009
404,0.00867757833347657,0.02398369810951771
405,0.00866917913363825,0.02398465372243049
406,0.00863441010744651,0.02397714581749326
407,0.00861245673952012,0.02396807934377199
408,0.00859918131190948,0.02396502724975387
409,0.0085763677392773,0.02396356672459407
410,0.00853941218200876,0.02394478684798031
411,0.00852233494915366,0.02394014710319048
412,0.00850045702346038,0.02392243036007403
413,0.00847425261557489,0.02390978279058575
414,0.00846199770806792,0.02390126789064983
415,0.00843469187004607,0.02388462831941612
416,0.00840885672611984,0.02388151115839132
417,0.00840566801640235,0.02387746426466181
418,0.00838755051132031,0.02386989893822484
419,0.00838379112063737,0.02386818930876571
420,0.0083696627766655,0.02385780105697635
421,0.00834745221860375,0.02384956977399198
422,0.00834189951718063,0.02384898752963996
423,0.00831291455389512,0.02382753352188603
424,0.00830536464706944,0.02382822189376147
425,0.00829682368261911,0.02382347957907463
426,0.00827589801530279,0.02380470293444811
427,0.00825454374740734,0.02380767514718759
428,0.00825000195846406,0.02380930254861286
429,0.00822565445814937,0.02379327630603319
430,0.00822187344101444,0.02379063312988839
431,0.00820250076976614,0.02378493562077895
432,0.00815468314476685,0.02376807938640722
433,0.00814070948123105,0.02375345299690265
434,0.00812277053937556,0.02374000673202989
435,0.0080858191114575,0.02371949968497129
436,0.0080663929242438,0.02370879598927857
437,0.00804534504163943,0.02370016583820851
438,0.00801807861516142,0.0236886369894938
439,0.00798604866653092,0.02366411089876077
440,0.00796612303243137,0.02365324086925892
441,0.00793737019704869,0.02363998898736145
442,0.00791608904634255,0.0236315503999614
443,0.00787762477956991,0.02361372409734101
444,0.00785286492542823,0.02359839497614998
445,0.00782721000247186,0.02359258911862697
446,0.00781665918935947,0.02358919363292586
447,0.00779609953308918,0.02357921595114743
448,0.00776467031575376,0.02355904602157778
449,0.00774827319666239,0.02354764902433843
450,0.00773610599551672,0.02353706815868628
451,0.00771148170912179,0.0235247131953858
452,0.00768147089568424,0.02350463329945467
453,0.00764101013696585,0.0234874467170517
454,0.00762038507807376,0.02348328657296275
455,0.00761128278292276,0.0234814783387115
456,0.00758543444260589,0.02346682256842528
457,0.00757160962139664,0.0234595156881718
458,0.00755304688257144,0.02344863962662574
459,0.00752781134838324,0.02343755689825634
460,0.00752284935723877,0.0234394876515226
461,0.00751226534736709,0.02343777647450417
462,0.00749932774614305,0.02343041435175579
463,0.007490162078671,0.02342294456296332
464,0.00747274846918406,0.02341548954866865
465,0.00744814342879235,0.02341063161788012
466,0.00743479316887671,0.02340459157984959
467,0.00742559518341134,0.0234042408264315
468,0.0074153731977247,0.02339896342927966
469,0.00738774758220503,0.02338935080696087
470,0.00737968387079876,0.02338334630527518
471,0.0073706912773774,0.02337802832217687
472,0.00733979820682788,0.02336320168432701
473,0.00732225365785563,0.02335515524529595
474,0.00729565157949438,0.02334383202358636
475,0.00728070377167862,0.02333534124115244
476,0.0072622098788742,0.02332043334456463
477,0.00723912488262188,0.02330893961676858
478,0.00721798473416047,0.02330272811037759
479,0.00719887859947908,0.02329542642895492
480,0.00718375000056583,0.02328618115327189
481,0.00716186165253651,0.0232771938088423
482,0.00714790535876986,0.02327316334881582
483,0.00713619513127769,0.02326912267739993
484,0.00712260685592202,0.02326185562144176
485,0.00711023148713968,0.02325466789328277
486,0.007108087149301,0.02325406193458827
487,0.00708599867556275,0.02324459216217422
488,0.00707305404460739,0.02323554961806545
489,0.00705562578208123,0.02323200818326854
490,0.00703124163264292,0.02322185746622926
491,0.00702928394804457,0.02322117191838686
492,0.00700738607846542,0.02321278874656845
493,0.00699463809875591,0.02320310266906016
494,0.00697761751366869,0.02319599277713072
495,0.00695643916181934,0.02318565126571299
496,0.00694834769351751,0.02318149817092591
497,0.00693480639432321,0.02317257756415479
498,0.00691890670881816,0.02317091359549709
499,0.00691276263409691,0.02316813199103139
500,0.00689297369830059,0.02316156203056525
501,0.00687507178164199,0.02315342455901634
502,0.00686334280999571,0.02314588355383191
503,0.00685469704286048,0.02314496827068381
504,0.00684370041521649,0.02313879684659014
505,0.00682708475466055,0.02313084104279695
506,0.00682238678957225,0.02313271371557439
507,0.00680265471406893,0.02312039897508821
508,0.00678332592877623,0.02311180384832508
509,0.00675970931159161,0.02310194892954636
510,0.00674959654030573,0.02309373067100108
511,0.00673878429642607,0.0230873974412814
512,0.00671530925033401,0.02307613099727128
513,0.00670892283529055,0.02307097216568424
514,0.00669128698115643,0.02305934103249601
515,0.00667724569028068,0.02305099360063219
516,0.00666548131313654,0.0230469452458437
517,0.0066466822956255,0.02304150198022803
518,0.00662488671181828,0.02303472636763554
519,0.00660542245069655,0.02302595599901694
520,0.00659438005744985,0.02302051662006906
521,0.00658868861601571,0.02301851141379185
522,0.00657804535424577,0.02301248470852497
523,0.00657254369986649,0.02301003418373556
524,0.00656241497514265,0.02300465479154064
525,0.00655330077224947,0.02299966124930671
526,0.00653528074258522,0.02299119037295124
527,0.00652643058826886,0.02298494115848496
528,0.00650178952643056,0.02297775351369817
529,0.00648182397697161,0.022967507220818
530,0.00646089032343211,0.02295304100348613
531,0.0064541639217944,0.02294606863003158
532,0.00642816793258958,0.02293666611051965
533,0.00641336813462843,0.02292525391695677
534,0.0064070498001529,0.02292345147054695
535,0.00638573081190668,0.02291514481816747
536,0.00635450222339257,0.0229024221792298
537,0.00634593382973283,0.02289657206317589
538,0.00633420375756872,0.02289077456623354
539,0.00631515148001674,0.02288459250896643
540,0.00630287077919658,0.02288153553306761
541,0.00629697951729581,0.02287979599631656
542,0.00628822499628097,0.02287723253526831
543,0.00627173298403419,0.02286970083970345
544,0.00626223912144056,0.02286568660098537
545,0.00625068392680782,0.02285970515813924
546,0.00624222715694118,0.0228561699888057
547,0.00623510388985444,0.02285331585321763
548,0.00623001096921733,0.02285371070013532
549,0.00622130536417978,0.02284895830248678
550,0.00620601481170451,0.02284251186074696
551,0.00617459545321864,0.02283355030989739
552,0.00615994140739023,0.02282572494359051
553,0.00614883488376602,0.02282386668729849
554,0.0061218433680126,0.02281351106212321
555,0.00611428175516797,0.02281082448737381
556,0.00610362984454371,0.02280589603855609
557,0.00609041340450444,0.02280168809759279
558,0.00607427047830625,0.0227954029273169
559,0.00605631871233836,0.0227870649512429
560,0.00604887583876119,0.02278348823817952
561,0.00603028264628998,0.02277548828743503
562,0.00601411184165848,0.02276876764661246
563,0.00599979827215714,0.02276525400488581
564,0.00599314045375873,0.02276071267204778
565,0.00598181429037357,0.02275367048953596
566,0.00597413277967975,0.02275021857158588
567,0.00596897523967952,0.0227473775726602
568,0.00595443895098944,0.02274245182232581
569,0.00595055525494788,0.02273991802208214
570,0.0059296717592382,0.02272681099364274
571,0.00592285246604422,0.02272571660119017
572,0.00591696097048305,0.02272227324516874
573,0.00591196471993051,0.02272048698469728
574,0.0059075793729711,0.02271987914967668
575,0.00589753946907522,0.02271604345016111
576,0.00588331499531596,0.02271858021249475
577,0.00587394411195211,0.02271609346879386
578,0.00586838436868891,0.02271411484057285
579,0.00584945197287971,0.02270699095491264
580,0.0058434387942471,0.0227073951274438
581,0.00583723634322213,0.02270686412408234
582,0.00580693982185001,0.02269841001294045
583,0.00579886630453421,0.02269565101781356
584,0.00578249454202989,0.02268939573076216
585,0.00577101640383284,0.02268439498947887
586,0.0057537809344026,0.02267979942559677
587,0.00573911892214729,0.02267361174066862
588,0.00572476936764767,0.0226686960519717
589,0.00571098368428507,0.02266164231776609
590,0.0057019099670828,0.0226577908816776
591,0.00568451501458153,0.02265349910206787
592,0.0056707750034908,0.02265173474792552
593,0.00566594130168804,0.02264932560346521
594,0.00564200188473359,0.02264023437570409
595,0.00561810064344829,0.02263209218757347
596,0.0056081618448506,0.02262950193573777
597,0.00558663599003231,0.02262056566103226
598,0.00557319505540761,0.02261643821173731
599,0.00555885479858385,0.02261066446382008
600,0.00555036113691589,0.02260573809619811
601,0.00554425721835227,0.02260462554938123
602,0.00553562797633047,0.02260396717481224
603,0.00553063604399077,0.02259998159699054
604,0.0055167893030858,0.02259485449039542
605,0.00550900343375794,0.02259320406577547
606,0.00549383214703755,0.02258717699261725
607,0.00546567815759664,0.0225762059627816
608,0.00545596163562446,0.02257262939727184
609,0.00544217511681002,0.02256658393561599
610,0.00543215529273784,0.02256306992335572
611,0.00542234748720943,0.02256053992003179
612,0.00540658565678947,0.02254572963623848
613,0.00539155850939089,0.0225410267854597
614,0.0053818391978724,0.02253865560587552
615,0.00536985429642524,0.02253311761362473
616,0.00536220122713756,0.02253211295574245
617,0.00535695414213284,0.02253211910651708
618,0.00535445079290631,0.022534334519102
619,0.00534485978021605,0.02253045180006828
620,0.0053417555621959,0.02252873763524856
621,0.00532890878247875,0.02252908862538686
622,0.00531577600485479,0.02252478446849204
623,0.00530755774634744,0.02252243723759994
624,0.00529307089252783,0.02251739178198836
625,0.00528654038782,0.02251469125204324
626,0.00527917857711028,0.02251078312710111
627,0.00527414656155118,0.02251016268882207
628,0.00527069344771237,0.02250935786185693
629,0.00525461273139338,0.02250299238324052
630,0.00525289925452523,0.02250530868847627
631,0.00525014681618597,0.02250353171465106
632,0.00524629560146916,0.02250291858408273
633,0.00522753006359967,0.02249616319354236
634,0.00521887214043727,0.02249321679440012
635,0.00521538433058445,0.02249077255662489
636,0.00521077932629081,0.02248954328462067
637,0.00520203813610555,0.02248719512056713
638,0.00519389352349093,0.02248182378460027
639,0.00518619171474173,0.02248015536522105
640,0.00517732917921629,0.02247778524253867
641,0.00517051908323128,0.02247694648446344
642,0.00515528472344534,0.02247171499174909
643,0.00514986201990861,0.02246596502656381
644,0.00514096887651586,0.02246383048892512
645,0.00512818382081691,0.02245490991507208
646,0.00512501904753483,0.02245171189444181
647,0.00512109501123032,0.02244877389823305
648,0.00510910045137506,0.02243476399784217
649,0.00510521558314326,0.02243320113825407
650,0.00510164705257878,0.02243141626377815
651,0.00509718614059193,0.02243276329647118
652,0.00508458080697828,0.02242486171919162
653,0.00507538289182434,0.02242272935381938
654,0.00506453305100624,0.02240610248145639
655,0.00504992775575581,0.02240214630231222
656,0.00504120513245081,0.02240053600912737
657,0.00503074370293155,0.02239699783200896
658,0.00502679347465429,0.02239489692945253
659,0.00502345882175525,0.02239412423287845
660,0.00501874139947692,0.02239096147402556
661,0.00501398442465966,0.02238747976326965
662,0.00501238998728156,0.02238681235584195
663,0.00501005435767529,0.02238896330846116
664,0.00500614945382988,0.02238705666779185
665,0.00500479970868662,0.02238609644178833
666,0.00499860350256187,0.02238544350628661
667,0.00499507549179974,0.02238293882187709
668,0.00499140883654628,0.02238246945775483
669,0.00498900233580509,0.02238445399423926
670,0.00498613718368083,0.02238316019521634
671,0.00497666951439214,0.02237979625804633
672,0.00496794713070078,0.02237859341270724
673,0.00494667727926208,0.0223772500549154
674,0.00493402077037428,0.02237541242173662
675,0.00492255529307988,0.02237212735535459
676,0.00490473239667617,0.02236779235967171
677,0.0049028577513544,0.02236715959327299
678,0.00488837357751854,0.02236552878958572
679,0.00487123652052432,0.02235997216879754
680,0.00486625774374156,0.02235749567091335
681,0.00485788320951014,0.0223555488180554
682,0.00484054267267386,0.02235345817014315
683,0.00483027664651929,0.02234731080497267
684,0.00482212759462489,0.02234288160466474
685,0.00481487829715436,0.02233957196108174
686,0.00479399310648528,0.02233567095371337
687,0.0047878489136266,0.02233371674961765
688,0.00478100625554494,0.02233112784028787
689,0.00477740151570324,0.02232857024445419
690,0.00475506985988222,0.02231861041036141
691,0.00474813486853868,0.02231678761725303
692,0.00474544143448178,0.02231506530804982
693,0.00473674802308805,0.02231276788649422
694,0.0047294894871182,0.02231141790848443
695,0.00471630257285078,0.02230603881162543
696,0.00470490779761267,0.0223028666380043
697,0.00469591488528427,0.02229859352302785
698,0.00469090934455159,0.02229605413011163
699,0.00468141936998276,0.02229599395116314
700,0.00467489990999976,0.02229247575281504
701,0.00467069524604061,0.02229107071593469
702,0.00466689859497199,0.02228975815589695
703,0.00465392057570941,0.02228482485265289
704,0.00464066069394663,0.02227837383963573
705,0.00463693948957812,0.02228034692396853
706,0.0046352056181211,0.02227941481217984
707,0.00463322297416062,0.02227909389924405
708,0.00462846010773362,0.02227696915916044
709,0.00462225706696418,0.02227529034040901
710,0.00461958808484788,0.02227366897998729
711,0.00461597120795148,0.022271956512537
712,0.00461005656059673,0.0222708086752953
713,0.00460554913727741,0.02226863048351066
714,0.00459725031654416,0.02226460661693786
715,0.00459242188166877,0.02226363612197046
716,0.00458887499853256,0.02226472144673093
717,0.00458620630097491,0.0222647228507121
718,0.00457483111829834,0.02224766736321732
719,0.00456349918218021,0.02224304495158612
720,0.00455336882495827,0.02223970300360532
721,0.00454530921708605,0.0222341683715332
722,0.00453564750506908,0.02223266353960447
723,0.0045325013075185,0.02222998660068735
724,0.00453149423680197,0.02222933074746588
725,0.00452960077054492,0.02222961853652696
726,0.00452281955286305,0.02222608527819514
727,0.00451235189702606,0.02221862371611026
728,0.00450410093133387,0.02221702084904204
729,0.00449466470376594,0.0222116900733493
730,0.00448410364297309,0.0222057067588813
731,0.00448005112907977,0.02220701785221106
732,0.00447033680880597,0.02220213967201225
733,0.00446099651254947,0.02219802474777187
734,0.00445200447113261,0.02219755649569928
735,0.00444836623233444,0.02219451698007884
736,0.00444163706516162,0.02219091609230973
737,0.00443279015300348,0.02218942519865338
738,0.00442774007373419,0.02218669357200891
739,0.00441673257789175,0.02218328792492722
740,0.00440689192156615,0.0221808618386478
741,0.00439254605913276,0.02217802677346629
742,0.00439008797954973,0.02217713762036575
743,0.00438027893577489,0.02217020347700253
744,0.00437827952540833,0.02217213767523452
745,0.00437612811522787,0.02217045031641297
746,0.00436030919341412,0.02216462706748068
747,0.00435598782927542,0.02216467884222261
748,0.00434044268353929,0.02215745223929806
749,0.00433227106917925,0.02215572440301036
750,0.00432482602798571,0.022155396340305
751,0.00431339420131948,0.02215178660791045
752,0.00430341735159457,0.02214666959282048
753,0.00429948797218794,0.02214751722058056
754,0.00429781615562661,0.02214809357485101
755,0.00429071796976006,0.02214618319041344
756,0.00428712221125725,0.02214660045519445
757,0.0042855124031333,0.02214568489348815
758,0.0042828201373875,0.02214453988324853
759,0.00427513481944476,0.02214317060162035
760,0.00427096205975209,0.02214101100968983
761,0.00426809837126025,0.02214048517994924
762,0.00426466380463199,0.02214011249637459
763,0.0042597234590768,0.02213857846533927
764,0.00424972871736461,0.02213503664841687
765,0.00424533381588362,0.02213385448744281
766,0.00424349640360274,0.02213553073994723
767,0.00423621954491259,0.02213260865872365
768,0.00423155407920778,0.02213093449352268
769,0.00421876908682295,0.02212662706873115
770,0.00420920954170542,0.02212048837372623
771,0.00420701065155983,0.02211958662188482
772,0.00420074702040105,0.02211771554231705
773,0.00419176977941359,0.0221131511583222
774,0.00418669560481247,0.0221118018300906
775,0.00418289079160058,0.02211029206904019
776,0.00418052218312187,0.02210974230662999
777,0.00417753426371564,0.02210808663922132
778,0.00416798013672708,0.02210860479437051
779,0.00415692691147417,0.02210608976788718
780,0.00415536629281886,0.02210629003644611
781,0.00414563492227138,0.0221044457627676
782,0.00413381238064997,0.02210050283081371
783,0.00413112151156711,0.02210115841632928
784,0.00412380016965919,0.02209900313298359
785,0.00411618720240961,0.02209808606504775
786,0.00411454256892535,0.02209764631086372
787,0.00410437941688096,0.02209445813622581
788,0.00410105970869848,0.02209277829202873
789,0.00409533733211532,0.02209157712657509
790,0.00409341042057322,0.02209165882281058
791,0.00409019276352829,0.02209304329481109
792,0.00408740263561248,0.0220928171365435
793,0.00408569296194379,0.02209245519984182
794,0.00408320646710536,0.0220917065294437
795,0.00408249065010062,0.02209158273222754
796,0.00407977937250317,0.0220912835977006
797,0.0040720179019205,0.02208755253673891
798,0.00406629305269169,0.02208630645918793
799,0.00405651953423908,0.02208180534363598
800,0.00404727206925305,0.0220794684861724
801,0.00404034538545585,0.0220770872822603
802,0.00403550580994949,0.02207708165963733
803,0.00402883654300367,0.02207399830470102
804,0.00402173942501184,0.02207406430139719
805,0.00401751612893921,0.02207356327744022
806,0.00400746838612559,0.0220689348284671
807,0.00400306526935239,0.02206705727861
808,0.00399900431644141,0.02206721962864695
809,0.00399149901425857,0.02206583871457497
810,0.00398847685432896,0.02206504502640245
811,0.00398358031401803,0.02206464295244424
812,0.0039786286465805,0.02206080102713811
813,0.00396954517304132,0.02205741995369694
814,0.00396403934506619,0.02205325797438509
815,0.00395535777638484,0.02205130724991107
816,0.00395194724263823,0.02205202576126578
817,0.00395049422010721,0.02205176315102798
818,0.00394938576330077,0.02205297969979701
819,0.00394241880588412,0.02205165926908596
820,0.00394045109120067,0.02204985112812756
821,0.00393410544539601,0.02204749792648183
822,0.00393036664206909,0.02204632192700317
823,0.00392899354391419,0.02204642481968907
824,0.00392358891089419,0.02204457507180229
825,0.00391491757286844,0.02204231711722397
826,0.00391070077740793,0.02203972957186623
827,0.00390386609920754,0.02203665460365426
828,0.00389780092914677,0.02203558110604456
829,0.00389526368240415,0.02203313412673856
830,0.00388658348248947,0.02202950657900493
831,0.00387743798442859,0.022032471649155
832,0.00386507889392936,0.02202865019625831
833,0.00386187701956091,0.02202740120774488
834,0.00385624970791004,0.02202700806278932
835,0.00384858004259542,0.02202417287360241
836,0.00384245632206835,0.02202683224829619
837,0.00383626415318691,0.02202543443057003
838,0.00382406615556663,0.02202353116327299
839,0.00382102700947958,0.02202307554883495
840,0.00381138956529858,0.02202131960908259
841,0.00380516722272027,0.02202153873955546
842,0.00380198374817671,0.0220181802522811
843,0.00379598383759153,0.02201543342071984
844,0.00379162789037945,0.02201457878078434
845,0.00378835609826479,0.02201373110285916
846,0.0037833747767894,0.0220110626013361
847,0.0037774418329941,0.02200759916088944
848,0.00377259030608037,0.02200408607213349
849,0.00376185457106046,0.02200664550407466
850,0.00375751578702268,0.02200367542195535
851,0.00375356440539281,0.02200224714857438
852,0.00374897823050065,0.02200224265444139
853,0.00374060372648691,0.02199950277470263
854,0.00373040647902958,0.02199621361262991
855,0.00372254647927674,0.02199333656879847
856,0.00371719188573587,0.02199220788670911
857,0.00370713243618562,0.02198801868089719
858,0.00369913409786251,0.02198543443452869
859,0.00369806686317233,0.02198523676812908
860,0.00369113633335751,0.02198575519528371
861,0.00368531460681035,0.02198695783315339
862,0.00368232320947524,0.02198538206399491
863,0.00368061855398647,0.02198363533127835
864,0.00367504006177185,0.0219810536226799
865,0.00367244080891843,0.02198035058887833
866,0.00366645139005795,0.02198074943343921
867,0.00366468769605699,0.02197909282298169
868,0.00365621011032646,0.02197558933416341
869,0.00365279427486095,0.02197348735181337
870,0.00364487404024962,0.02197383916084542
871,0.00364070158637293,0.02197269647955637
872,0.00363721387419634,0.02197186496169585
873,0.00363394144708984,0.02197121181307788
874,0.0036307974414076,0.02197241253712021
875,0.00362271045022468,0.02196945917993467
876,0.00361504496352738,0.02196671846812153
877,0.00360963426258361,0.02195515440468695
878,0.00360677250559745,0.02195432089261641
879,0.00359870018809884,0.02194872989702928
880,0.00359353996993541,0.02194666997527041
881,0.00358781650651448,0.0219455369320867
882,0.00358158762354489,0.02194325745070908
883,0.00357718289283018,0.0219410556359609
884,0.0035704316797714,0.02193820424933189
885,0.00356440438892138,0.02193636197083281
886,0.00355595413605171,0.02193313109243662
887,0.00355175754982153,0.02193133679595952
888,0.00354587232355877,0.02192839810356356
889,0.00354130812303296,0.0219265759053768
890,0.00353678804404155,0.02192343047982934
891,0.00353374756908503,0.02192274982387451
892,0.0035271696281173,0.0219207729033416
893,0.00351833621564011,0.02191818328733396
894,0.00351216705681312,0.02191898175169066
895,0.00350520716985644,0.02191659027284131
896,0.00350379676105985,0.02191540079522881
897,0.00349999561941142,0.02191506534377106
898,0.00349258399463355,0.02191382533418507
899,0.00348504666615655,0.02191177369204454
900,0.00348368603487299,0.02191142412416798
901,0.00348156304003353,0.02191065842248028
902,0.00347801960141991,0.02190950820766021
903,0.0034748441972728,0.02190790126650775
904,0.00347003296211056,0.02190700945749511
905,0.00346600557336246,0.02190540952286993
906,0.00346336067899115,0.02190401767987161
907,0.00346221096274508,0.02190320202699709
908,0.00345495005188109,0.02189885479381995
909,0.00345279721315381,0.02189817895590045
910,0.00345078338316406,0.02189699798681686
911,0.00344231287787962,0.02189643400582048
912,0.00343424194319276,0.02189885036918666
913,0.00342964458831739,0.02189906142486273
914,0.00342550280027681,0.02189801731708631
915,0.00341735510390319,0.02189634268149657
916,0.00341460765329164,0.02189595522167403
917,0.0034083708549345,0.02189384992313137
918,0.00340543353365157,0.02189148215123268
919,0.00339726783498995,0.02189151674277957
920,0.00338807171244362,0.02188978690995864
921,0.00338392079219478,0.02188965476081433
922,0.00337967368821338,0.02188912465936877
923,0.00337467018412333,0.02188848878832911
924,0.00336679538020431,0.02188746499817182
925,0.00336271131563126,0.02188479046280149
926,0.00335706926299879,0.02188363237538864
927,0.0033545371677422,0.02188275036661051
928,0.00334608791858555,0.02188084484052363
929,0.00334010454982021,0.02188182329500564
930,0.0033356056523154,0.02187989894932604
931,0.00332926121913148,0.0218782287913987
932,0.00332433596826016,0.02187767050979597
933,0.00332074765322488,0.02187853949118373
934,0.00331571271986368,0.02187608495129171
935,0.0033118802461268,0.02187502363695091
936,0.00330839412870428,0.02187494828583573
937,0.00330654880036165,0.02187454964534423
938,0.00330411359170986,0.02187374198441905
939,0.00330161886200226,0.0218725027651701
940,0.00329867961259157,0.0218724177511989
941,0.00329689264458413,0.02187166748321797
942,0.00329528063441877,0.0218712859314562
943,0.00329468719335558,0.02187073931027628
944,0.00329380920814419,0.02186947236028799
945,0.00329148614596738,0.02186818841203452
946,0.0032896391805455,0.02186674823727804
947,0.00328691958460655,0.0218640076044501
948,0.0032816705842407,0.02186068696345881
949,0.00327782076116413,0.02185969316158735
950,0.00327413201854227,0.02185950170567203
951,0.00326878790232667,0.02185994329858456
952,0.00326387642739641,0.02185774769557063
953,0.00325909861455342,0.02185533068470952
954,0.00325511122857247,0.02185349437778352
955,0.00324879736522226,0.0218521142734191
956,0.00324384545003986,0.02185172956231931
957,0.00324250829528654,0.02184945450238869
958,0.00323943625666154,0.02184880443116849
959,0.00323489095515358,0.02184615953770051
960,0.00323191700671672,0.02184542679160126
961,0.00322650507548831,0.02184386017497563
962,0.00322095314190857,0.02184151358906796
963,0.00321969717825776,0.02184087318615566
964,0.00321819429248152,0.02184087014949075
965,0.0032141215118029,0.02184037910333318
966,0.00320603403110174,0.02183855615463128
967,0.00319969074793191,0.02183725720587939
968,0.00319620218135836,0.02183749110882208
969,0.00319027682372306,0.02183620197706942
970,0.00318374247720399,0.02183637024685052
971,0.00317893125739887,0.02183495787023464
972,0.00317743972288203,0.02183148353704895
973,0.00317151315083627,0.02182809870084439
974,0.003166130316662,0.02182571899442975
975,0.00316165652394435,0.021824542816988
976,0.00315659575098986,0.02182392152411596
977,0.00315346257439338,0.02182299531990779
978,0.00314691909847002,0.02182050880304321
979,0.00314396250223898,0.02181968328344027
980,0.00313929587791496,0.02181424752585984
981,0.00313271724806689,0.02181226748249523
982,0.00312726600594936,0.02181364780923552
983,0.00312630175512567,0.02181321933142012
984,0.00312291791596673,0.02181290105422799
985,0.00312141475432585,0.021811946592908
986,0.00312032029034466,0.02181130968587934
987,0.00311853288578643,0.02181075799163985
988,0.00311237794487575,0.02180839714500942
989,0.00310896816791297,0.02180761547462936
990,0.00310775640537376,0.02180689544271336
991,0.00310688898797428,0.02180669303129595
992,0.0031038515530628,0.02180621599488431
993,0.00310318244650829,0.02180572418890955
994,0.00310232045541619,0.02180572757611904
995,0.00310074588447247,0.02180475175670847
996,0.00309769526611939,0.02180410020113763
997,0.00309416979276066,0.02180338795374154
998,0.0030868067221405,0.02180150848319391
999,0.00308183079003045,0.02180144261034871
1000,0.00307506580105166,0.02179937646054472
1001,0.00306970591479503,0.02179876848736688
1002,0.00306089625198082,0.02179782790087928
1003,0.00305354133439997,0.02179627244217617
1004,0.00305013346635969,0.02179558341834757
1005,0.00304433026209093,0.0217940976111144
1006,0.00304021784517242,0.02179451504740312
1007,0.00303642425259428,0.02179435406298406
1008,0.0030325082109183,0.02179339768722199
1009,0.00303017892562946,0.02179203296154265
1010,0.00302520024204928,0.02179092934779459
1011,0.00302420536874682,0.02179057006399155
1012,0.00301901004838278,0.02178981239519254
1013,0.00301607500336378,0.02178894944699162
1014,0.00301542978812308,0.02178895774430342
1015,0.00301478029198361,0.02178860222003073
1016,0.00301405962649232,0.02178826675050753
1017,0.00301045012989705,0.02178764958218886
1018,0.00300596806824482,0.02178884904233615
1019,0.00300342590595404,0.02178728893617765
1020,0.00299978746355612,0.02178621342634955
1021,0.0029957975722098,0.02178581741132535
1022,0.00299260470465086,0.02178489530540495
1023,0.00298808128434428,0.02178458899377979
1024,0.00298309208252792,0.02178467616893377
1025,0.00297994146755343,0.02178433825483171
1026,0.00297710458339788,0.02178400467469625
1027,0.00297508968944353,0.02178268462545254
1028,0.00296823660935494,0.02177998824855814
1029,0.00296703667120448,0.02177999146224121
1030,0.00296385115483712,0.0217793361139459
1031,0.00296053931443596,0.02177804905572489
1032,0.0029525284604292,0.02177860399367508
1033,0.00294513343540964,0.02177778849683676
1034,0.00294233492620826,0.02177762146697452
1035,0.00294069699406777,0.02177710917966429
1036,0.00293102009835238,0.02177359629281801
1037,0.0029274317128958,0.02177286821037086
1038,0.0029226613582015,0.02177191465489604
1039,0.00291545604480527,0.02177154854842309
1040,0.00291200025174473,0.02177103745998813
1041,0.0029052823925116,0.02176880037037189
1042,0.00290249218306976,0.02176844485278976
1043,0.00289814913401187,0.02176789803484817
1044,0.00289622234950229,0.02176878631330689
1045,0.00289509017794999,0.02176869434263765
1046,0.00289451412326788,0.02176859721046021
1047,0.00289107286644662,0.02176829351173201
1048,0.00289021413703101,0.0217678948999094
1049,0.00288738009634774,0.02176746732728886
1050,0.00288200493508543,0.02176621212887024
1051,0.00288027238792882,0.02176604977036269
1052,0.00287880704507109,0.02176581306040702
1053,0.00287669130265804,0.02176420169313089
1054,0.00287342114077376,0.02176239698440234
1055,0.00286833193309081,0.02176148883238133
1056,0.0028647610093784,0.02176201817204445
1057,0.00285976665691729,0.02176222586493547
1058,0.00285286751571078,0.02176044170411522
1059,0.00284632936216898,0.02175904019984114
1060,0.00284047842936113,0.02175644616869314
1061,0.00283760927684043,0.02175615667777772
1062,0.00283008595449531,0.02175441380766277
1063,0.00282573207288548,0.02175424016663568
1064,0.00281878525806454,0.02175289074324235
1065,0.00281759680714606,0.02175178842192833
1066,0.00281304621348272,0.02174864704411143
1067,0.00280871717804156,0.02174757827946971
1068,0.00280163302700872,0.02174374551689774
1069,0.00279787381921226,0.02174317407935461
1070,0.00279678811611248,0.02174199734970121
1071,0.00279002675239142,0.02174072330902176
1072,0.00278704940607432,0.02174005170774432
1073,0.00278643406293613,0.02174004686891547
1074,0.00278330119756323,0.02174067083699196
1075,0.00278264646920086,0.02174067462507843
1076,0.00278098187653134,0.02174072990851465
1077,0.00277792844321653,0.02173949287987974
1078,0.00277699588027984,0.02173946890874606
1079,0.00277675488859744,0.02173939686565335
1080,0.00277627243719713,0.0217392186235282
1081,0.00277291150560614,0.02173931060428172
1082,0.00276643089077172,0.02173726927468814
1083,0.00276594342202176,0.02173740657815846
1084,0.00276264027843825,0.02173590421167529
1085,0.00275865291204439,0.02173427912839479
1086,0.00275713191373363,0.02173406880238023
1087,0.0027534080947623,0.02173267451943374
1088,0.00275104614749111,0.02173187575324316
1089,0.00274947771436833,0.02173174095148908
1090,0.00274868622428259,0.02173234779782049
1091,0.00274723361953376,0.02173190679443635
1092,0.00274653340780549,0.02173309979301071
1093,0.00274274039616364,0.02173209530061519
1094,0.00274072949674126,0.02173122209587998
1095,0.00273878262105594,0.02173144452265597
1096,0.00273423586634865,0.02172971911778585
1097,0.00273266758049319,0.02172932110557437
1098,0.00273184520720116,0.02172910572138849
1099,0.00273086163802369,0.02172969561869534
1100,0.00273060649677627,0.02172969968066934
1101,0.0027294563174225,0.02172903948387189
1102,0.00272800327758204,0.02172886317413072
1103,0.00272798482609373,0.02172884167102388
1104,0.00272798499478582,0.02172884183667408
1105,0.00272798516006807,0.02172884203180091
1106,0.00272798532044115,0.02172884219098718
1107,0.00272798547743083,0.02172884235063831
1108,0.00272798562503224,0.02172884212412535
1109,0.00272798576878451,0.02172884226252612
1110,0.00272798590939402,0.02172884242709847
1111,0.00272798604771963,0.02172884177566366
1112,0.00272798618182694,0.02172884188371048
1113,0.00272798631419642,0.02172884203515795
1114,0.00272798644445751,0.02172884213692803
1115,0.00272798657384227,0.02172884227721245
1116,0.00272798669984342,0.02172884159298825
1117,0.00272798682386784,0.02172884170272679
1118,0.00272798693453549,0.02172884181053586
1119,0.00272798704457177,0.02172884151496966
1120,0.00272798715248335,0.02172884161896833
1121,0.00272798725785875,0.02172884170874645
1122,0.00272798736221195,0.0217288417783879
1123,0.00272798746424941,0.02172884188774064
1124,0.00272798753091194,0.02172884197248928
1125,0.00272798759505776,0.02172884207205415
1126,0.00272798765866581,0.021728842155655
1127,0.00272798771993085,0.02172884225449912
1128,0.00272798778087859,0.02172884232946888
1129,0.00272798784105472,0.02172884242022686
1130,0.00272798789886495,0.02172884249267673
1131,0.00272798795520369,0.02172884257631041
1132,0.0027279880109285,0.02172884264743419
1133,0.00272798805547966,0.0217288427235607
1134,0.00272798809883339,0.02172884278044311
1135,0.00272798814104424,0.02172884285504376
1136,0.00272798818337113,0.02172884291192785
1137,0.00272798822223404,0.02172884298336513
1138,0.00272798826195313,0.02172884302942662
1139,0.00272798830175278,0.02172884309675967
1140,0.00272798833847184,0.02172884314595085
1141,0.00272798837490863,0.02172884320830943
1142,0.00272798841143696,0.02172884325525393
1143,0.0027279884457806,0.02172884331780872
1144,0.00272798847955347,0.02172884336126189
1145,0.00272798851327151,0.02172884340252208
1146,0.0027279885470719,0.02172884344046338
1147,0.00272798857778462,0.02172884348093509
1148,0.00272798860829401,0.02172884351906727
1149,0.00272798863867888,0.0217288435567132
1150,0.00272798866935755,0.02172884359171042
1151,0.00272798869659425,0.02172884362778979
1152,0.0027279887237539,0.02172884366138092
1153,0.00272798875156066,0.02172884369288811
1154,0.00272798877914864,0.0217288437225097
1155,0.0027279888071825,0.0217288437525852
1156,0.00272798883249638,0.02172884378246496
1157,0.0027279888578567,0.02172884381188192
1158,0.00272798888323776,0.02172884384064087
1159,0.00272798890760534,0.02172884386670314
1160,0.00272798893195627,0.02172884389337362
1161,0.00272798895656341,0.02172884391934624
1162,0.00272798897818501,0.02172884394542128
1163,0.00272798900024903,0.02172884397184102
1164,0.00272798902177622,0.02172884399788147
1165,0.00272798904389721,0.02172884402220527
1166,0.00272798905611095,0.02172884403676449
1167,0.0027279890671986,0.02172884405091765
1168,0.002727989078576,0.02172884406449353
1169,0.00272798908987237,0.02172884407852147
